Archive member included to satisfy reference by file (symbol)

/Applications/STM32CubeIDE.app/Contents/Eclipse/plugins/com.st.stm32cube.ide.mcu.externaltools.gnu-tools-for-stm32.13.3.rel1.macos64_1.0.0.202411102158/tools/bin/../lib/gcc/arm-none-eabi/13.3.1/../../../../arm-none-eabi/lib/thumb/v8-m.main+fp/hard/libc_nano.a(libc_a-exit.o)
                              /Applications/STM32CubeIDE.app/Contents/Eclipse/plugins/com.st.stm32cube.ide.mcu.externaltools.gnu-tools-for-stm32.13.3.rel1.macos64_1.0.0.202411102158/tools/bin/../lib/gcc/arm-none-eabi/13.3.1/../../../../arm-none-eabi/lib/thumb/v8-m.main+fp/hard/crt0.o (exit)
/Applications/STM32CubeIDE.app/Contents/Eclipse/plugins/com.st.stm32cube.ide.mcu.externaltools.gnu-tools-for-stm32.13.3.rel1.macos64_1.0.0.202411102158/tools/bin/../lib/gcc/arm-none-eabi/13.3.1/../../../../arm-none-eabi/lib/thumb/v8-m.main+fp/hard/libc_nano.a(libc_a-findfp.o)
                              /Applications/STM32CubeIDE.app/Contents/Eclipse/plugins/com.st.stm32cube.ide.mcu.externaltools.gnu-tools-for-stm32.13.3.rel1.macos64_1.0.0.202411102158/tools/bin/../lib/gcc/arm-none-eabi/13.3.1/../../../../arm-none-eabi/lib/thumb/v8-m.main+fp/hard/libc_nano.a(libc_a-exit.o) (__stdio_exit_handler)
/Applications/STM32CubeIDE.app/Contents/Eclipse/plugins/com.st.stm32cube.ide.mcu.externaltools.gnu-tools-for-stm32.13.3.rel1.macos64_1.0.0.202411102158/tools/bin/../lib/gcc/arm-none-eabi/13.3.1/../../../../arm-none-eabi/lib/thumb/v8-m.main+fp/hard/libc_nano.a(libc_a-fwalk.o)
                              /Applications/STM32CubeIDE.app/Contents/Eclipse/plugins/com.st.stm32cube.ide.mcu.externaltools.gnu-tools-for-stm32.13.3.rel1.macos64_1.0.0.202411102158/tools/bin/../lib/gcc/arm-none-eabi/13.3.1/../../../../arm-none-eabi/lib/thumb/v8-m.main+fp/hard/libc_nano.a(libc_a-findfp.o) (_fwalk_sglue)
/Applications/STM32CubeIDE.app/Contents/Eclipse/plugins/com.st.stm32cube.ide.mcu.externaltools.gnu-tools-for-stm32.13.3.rel1.macos64_1.0.0.202411102158/tools/bin/../lib/gcc/arm-none-eabi/13.3.1/../../../../arm-none-eabi/lib/thumb/v8-m.main+fp/hard/libc_nano.a(libc_a-memset.o)
                              /Applications/STM32CubeIDE.app/Contents/Eclipse/plugins/com.st.stm32cube.ide.mcu.externaltools.gnu-tools-for-stm32.13.3.rel1.macos64_1.0.0.202411102158/tools/bin/../lib/gcc/arm-none-eabi/13.3.1/../../../../arm-none-eabi/lib/thumb/v8-m.main+fp/hard/crt0.o (memset)
/Applications/STM32CubeIDE.app/Contents/Eclipse/plugins/com.st.stm32cube.ide.mcu.externaltools.gnu-tools-for-stm32.13.3.rel1.macos64_1.0.0.202411102158/tools/bin/../lib/gcc/arm-none-eabi/13.3.1/../../../../arm-none-eabi/lib/thumb/v8-m.main+fp/hard/libc_nano.a(libc_a-errno.o)
                              ./Core/Src/syscalls.o (__errno)
/Applications/STM32CubeIDE.app/Contents/Eclipse/plugins/com.st.stm32cube.ide.mcu.externaltools.gnu-tools-for-stm32.13.3.rel1.macos64_1.0.0.202411102158/tools/bin/../lib/gcc/arm-none-eabi/13.3.1/../../../../arm-none-eabi/lib/thumb/v8-m.main+fp/hard/libc_nano.a(libc_a-init.o)
                              /Applications/STM32CubeIDE.app/Contents/Eclipse/plugins/com.st.stm32cube.ide.mcu.externaltools.gnu-tools-for-stm32.13.3.rel1.macos64_1.0.0.202411102158/tools/bin/../lib/gcc/arm-none-eabi/13.3.1/../../../../arm-none-eabi/lib/thumb/v8-m.main+fp/hard/crt0.o (__libc_init_array)
/Applications/STM32CubeIDE.app/Contents/Eclipse/plugins/com.st.stm32cube.ide.mcu.externaltools.gnu-tools-for-stm32.13.3.rel1.macos64_1.0.0.202411102158/tools/bin/../lib/gcc/arm-none-eabi/13.3.1/../../../../arm-none-eabi/lib/thumb/v8-m.main+fp/hard/libc_nano.a(libc_a-lock.o)
                              /Applications/STM32CubeIDE.app/Contents/Eclipse/plugins/com.st.stm32cube.ide.mcu.externaltools.gnu-tools-for-stm32.13.3.rel1.macos64_1.0.0.202411102158/tools/bin/../lib/gcc/arm-none-eabi/13.3.1/../../../../arm-none-eabi/lib/thumb/v8-m.main+fp/hard/libc_nano.a(libc_a-findfp.o) (__retarget_lock_init_recursive)
/Applications/STM32CubeIDE.app/Contents/Eclipse/plugins/com.st.stm32cube.ide.mcu.externaltools.gnu-tools-for-stm32.13.3.rel1.macos64_1.0.0.202411102158/tools/bin/../lib/gcc/arm-none-eabi/13.3.1/../../../../arm-none-eabi/lib/thumb/v8-m.main+fp/hard/libc_nano.a(libc_a-impure.o)
                              /Applications/STM32CubeIDE.app/Contents/Eclipse/plugins/com.st.stm32cube.ide.mcu.externaltools.gnu-tools-for-stm32.13.3.rel1.macos64_1.0.0.202411102158/tools/bin/../lib/gcc/arm-none-eabi/13.3.1/../../../../arm-none-eabi/lib/thumb/v8-m.main+fp/hard/libc_nano.a(libc_a-errno.o) (_impure_ptr)
/Applications/STM32CubeIDE.app/Contents/Eclipse/plugins/com.st.stm32cube.ide.mcu.externaltools.gnu-tools-for-stm32.13.3.rel1.macos64_1.0.0.202411102158/tools/bin/../lib/gcc/arm-none-eabi/13.3.1/../../../../arm-none-eabi/lib/thumb/v8-m.main+fp/hard/libc_nano.a(libc_a-memcpy-stub.o)
                              ./Middlewares/Third_Party/FreeRTOS/Source/CMSIS_RTOS_V2/cmsis_os2.o (memcpy)
[...]
Memory Configuration

Name             Origin             Length             Attributes
RAM              0x20000000         0x00044000         xrw
FLASH            0x08000000         0x00080000         xr
*default*        0x00000000         0xffffffff

Linker script and memory map

LOAD /Applications/STM32CubeIDE.app/Contents/Eclipse/plugins/com.st.stm32cube.ide.mcu.externaltools.gnu-tools-for-stm32.13.3.rel1.macos64_1.0.0.202411102158/tools/bin/../lib/gcc/arm-none-eabi/13.3.1/thumb/v8-m.main+fp/hard/crti.o
LOAD /Applications/STM32CubeIDE.app/Contents/Eclipse/plugins/com.st.stm32cube.ide.mcu.externaltools.gnu-tools-for-stm32.13.3.rel1.macos64_1.0.0.202411102158/tools/bin/../lib/gcc/arm-none-eabi/13.3.1/thumb/v8-m.main+fp/hard/crtbegin.o
LOAD /Applications/STM32CubeIDE.app/Contents/Eclipse/plugins/com.st.stm32cube.ide.mcu.externaltools.gnu-tools-for-stm32.13.3.rel1.macos64_1.0.0.202411102158/tools/bin/../lib/gcc/arm-none-eabi/13.3.1/../../../../arm-none-eabi/lib/thumb/v8-m.main+fp/hard/crt0.o
LOAD ./Core/Src/app_freertos.o
LOAD ./Core/Src/fdcan.o
LOAD ./Core/Src/gpio.o
LOAD ./Core/Src/icache.o
LOAD ./Core/Src/main.o
LOAD ./Core/Src/stm32h5xx_hal_msp.o
LOAD ./Core/Src/stm32h5xx_hal_timebase_tim.o
LOAD ./Core/Src/stm32h5xx_it.o
LOAD ./Core/Src/syscalls.o
LOAD ./Core/Src/sysmem.o
LOAD ./Core/Src/system_stm32h5xx.o
LOAD ./Core/Src/tim.o
LOAD ./Core/Startup/startup_stm32h533retx.o
LOAD ./Drivers/STM32H5xx_HAL_Driver/Src/stm32h5xx_hal.o
LOAD ./Drivers/STM32H5xx_HAL_Driver/Src/stm32h5xx_hal_cortex.o
LOAD ./Drivers/STM32H5xx_HAL_Driver/Src/stm32h5xx_hal_dma.o
LOAD ./Drivers/STM32H5xx_HAL_Driver/Src/stm32h5xx_hal_dma_ex.o
LOAD ./Drivers/STM32H5xx_HAL_Driver/Src/stm32h5xx_hal_exti.o
LOAD ./Drivers/STM32H5xx_HAL_Driver/Src/stm32h5xx_hal_fdcan.o
LOAD ./Drivers/STM32H5xx_HAL_Driver/Src/stm32h5xx_hal_flash.o
LOAD ./Drivers/STM32H5xx_HAL_Driver/Src/stm32h5xx_hal_flash_ex.o
LOAD ./Drivers/STM32H5xx_HAL_Driver/Src/stm32h5xx_hal_gpio.o
LOAD ./Drivers/STM32H5xx_HAL_Driver/Src/stm32h5xx_hal_icache.o
LOAD ./Drivers/STM32H5xx_HAL_Driver/Src/stm32h5xx_hal_pwr.o
LOAD ./Drivers/STM32H5xx_HAL_Driver/Src/stm32h5xx_hal_pwr_ex.o
LOAD ./Drivers/STM32H5xx_HAL_Driver/Src/stm32h5xx_hal_rcc.o
LOAD ./Drivers/STM32H5xx_HAL_Driver/Src/stm32h5xx_hal_rcc_ex.o
LOAD ./Drivers/STM32H5xx_HAL_Driver/Src/stm32h5xx_hal_tim.o
LOAD ./Drivers/STM32H5xx_HAL_Driver/Src/stm32h5xx_hal_tim_ex.o
LOAD ./Middlewares/Third_Party/FreeRTOS/Source/CMSIS_RTOS_V2/cmsis_os2.o
LOAD ./Middlewares/Third_Party/FreeRTOS/Source/croutine.o
LOAD ./Middlewares/Third_Party/FreeRTOS/Source/event_groups.o
LOAD ./Middlewares/Third_Party/FreeRTOS/Source/list.o
LOAD ./Middlewares/Third_Party/FreeRTOS/Source/queue.o
LOAD ./Middlewares/Third_Party/FreeRTOS/Source/stream_buffer.o
LOAD ./Middlewares/Third_Party/FreeRTOS/Source/tasks.o
LOAD ./Middlewares/Third_Party/FreeRTOS/Source/timers.o
LOAD ./Middlewares/Third_Party/FreeRTOS/Source/portable/GCC/ARM_CM33_NTZ/non_secure/port.o
LOAD ./Middlewares/Third_Party/FreeRTOS/Source/portable/GCC/ARM_CM33_NTZ/non_secure/portasm.o
LOAD ./Middlewares/Third_Party/FreeRTOS/Source/portable/MemMang/heap_1.o
START GROUP
LOAD /Applications/STM32CubeIDE.app/Contents/Eclipse/plugins/com.st.stm32cube.ide.mcu.externaltools.gnu-tools-for-stm32.13.3.rel1.macos64_1.0.0.202411102158/tools/bin/../lib/gcc/arm-none-eabi/13.3.1/../../../../arm-none-eabi/lib/thumb/v8-m.main+fp/hard/libc_nano.a
LOAD /Applications/STM32CubeIDE.app/Contents/Eclipse/plugins/com.st.stm32cube.ide.mcu.externaltools.gnu-tools-for-stm32.13.3.rel1.macos64_1.0.0.202411102158/tools/bin/../lib/gcc/arm-none-eabi/13.3.1/../../../../arm-none-eabi/lib/thumb/v8-m.main+fp/hard/libm.a
END GROUP
START GROUP
LOAD /Applications/STM32CubeIDE.app/Contents/Eclipse/plugins/com.st.stm32cube.ide.mcu.externaltools.gnu-tools-for-stm32.13.3.rel1.macos64_1.0.0.202411102158/tools/bin/../lib/gcc/arm-none-eabi/13.3.1/thumb/v8-m.main+fp/hard/libgcc.a
LOAD /Applications/STM32CubeIDE.app/Contents/Eclipse/plugins/com.st.stm32cube.ide.mcu.externaltools.gnu-tools-for-stm32.13.3.rel1.macos64_1.0.0.202411102158/tools/bin/../lib/gcc/arm-none-eabi/13.3.1/../../../../arm-none-eabi/lib/thumb/v8-m.main+fp/hard/libc_nano.a
END GROUP
START GROUP
LOAD /Applications/STM32CubeIDE.app/Contents/Eclipse/plugins/com.st.stm32cube.ide.mcu.externaltools.gnu-tools-for-stm32.13.3.rel1.macos64_1.0.0.202411102158/tools/bin/../lib/gcc/arm-none-eabi/13.3.1/thumb/v8-m.main+fp/hard/libgcc.a
LOAD /Applications/STM32CubeIDE.app/Contents/Eclipse/plugins/com.st.stm32cube.ide.mcu.externaltools.gnu-tools-for-stm32.13.3.rel1.macos64_1.0.0.202411102158/tools/bin/../lib/gcc/arm-none-eabi/13.3.1/../../../../arm-none-eabi/lib/thumb/v8-m.main+fp/hard/libc_nano.a
LOAD /Applications/STM32CubeIDE.app/Contents/Eclipse/plugins/com.st.stm32cube.ide.mcu.externaltools.gnu-tools-for-stm32.13.3.rel1.macos64_1.0.0.202411102158/tools/bin/../lib/gcc/arm-none-eabi/13.3.1/../../../../arm-none-eabi/lib/thumb/v8-m.main+fp/hard/libnosys.a
END GROUP
START GROUP
LOAD /Applications/STM32CubeIDE.app/Contents/Eclipse/plugins/com.st.stm32cube.ide.mcu.externaltools.gnu-tools-for-stm32.13.3.rel1.macos64_1.0.0.202411102158/tools/bin/../lib/gcc/arm-none-eabi/13.3.1/thumb/v8-m.main+fp/hard/libgcc.a
LOAD /Applications/STM32CubeIDE.app/Contents/Eclipse/plugins/com.st.stm32cube.ide.mcu.externaltools.gnu-tools-for-stm32.13.3.rel1.macos64_1.0.0.202411102158/tools/bin/../lib/gcc/arm-none-eabi/13.3.1/../../../../arm-none-eabi/lib/thumb/v8-m.main+fp/hard/libc_nano.a
LOAD /Applications/STM32CubeIDE.app/Contents/Eclipse/plugins/com.st.stm32cube.ide.mcu.externaltools.gnu-tools-for-stm32.13.3.rel1.macos64_1.0.0.202411102158/tools/bin/../lib/gcc/arm-none-eabi/13.3.1/../../../../arm-none-eabi/lib/thumb/v8-m.main+fp/hard/libnosys.a
END GROUP
LOAD /Applications/STM32CubeIDE.app/Contents/Eclipse/plugins/com.st.stm32cube.ide.mcu.externaltools.gnu-tools-for-stm32.13.3.rel1.macos64_1.0.0.202411102158/tools/bin/../lib/gcc/arm-none-eabi/13.3.1/thumb/v8-m.main+fp/hard/crtend.o
LOAD /Applications/STM32CubeIDE.app/Contents/Eclipse/plugins/com.st.stm32cube.ide.mcu.externaltools.gnu-tools-for-stm32.13.3.rel1.macos64_1.0.0.202411102158/tools/bin/../lib/gcc/arm-none-eabi/13.3.1/thumb/v8-m.main+fp/hard/crtn.o
                0x20044000                        _estack = (ORIGIN (RAM) + LENGTH (RAM))
                0x00000200                        _Min_Heap_Size = 0x200
                0x00000400                        _Min_Stack_Size = 0x400

.isr_vector     0x08000000      0x254
                0x08000000                        . = ALIGN (0x4)
 *(.isr_vector)
 .isr_vector    0x08000000      0x254 ./Core/Startup/startup_stm32h533retx.o
                0x08000000                g_pfnVectors
                0x08000254                        . = ALIGN (0x4)

.text           0x08000260     0x8748
                0x08000260                        . = ALIGN (0x4)
 *(.text)
 .text          0x08000260       0x40 /Applications/STM32CubeIDE.app/Contents/Eclipse/plugins/com.st.stm32cube.ide.mcu.externaltools.gnu-tools-for-stm32.13.3.rel1.macos64_1.0.0.202411102158/tools/bin/../lib/gcc/arm-none-eabi/13.3.1/thumb/v8-m.main+fp/hard/crtbegin.o
 *(.text*)
 .text.MX_FREERTOS_Init
                0x080002a0       0xa0 ./Core/Src/app_freertos.o
                0x080002a0                MX_FREERTOS_Init
 .text.Start_canfdTXTask
                0x08000340       0x70 ./Core/Src/app_freertos.o
                0x08000340                Start_canfdTXTask
 .text.Start_rpmEvalTask
                0x080003b0       0x7c ./Core/Src/app_freertos.o
                0x080003b0                Start_rpmEvalTask
 .text.MX_FDCAN2_Init
                0x0800042c       0x90 ./Core/Src/fdcan.o
                0x0800042c                MX_FDCAN2_Init
 .text.HAL_FDCAN_MspInit
                0x080004bc       0xd4 ./Core/Src/fdcan.o
                0x080004bc                HAL_FDCAN_MspInit
 .text.initFDCANTransmissionHeader
                0x08000590       0x4a ./Core/Src/fdcan.o
                0x08000590                initFDCANTransmissionHeader
 .text.configureFDCANTransmissionHeader
                0x080005da       0x24 ./Core/Src/fdcan.o
                0x080005da                configureFDCANTransmissionHeader
 *fill*         0x080005fe        0x2 
 .text.MX_GPIO_Init
                0x08000600       0x88 ./Core/Src/gpio.o
                0x08000600                MX_GPIO_Init
 .text.MX_ICACHE_Init
                0x08000688       0x16 ./Core/Src/icache.o
                0x08000688                MX_ICACHE_Init
 *fill*         0x0800069e        0x2 
 .text.main     0x080006a0       0x9c ./Core/Src/main.o
                0x080006a0                main
 .text.SystemClock_Config
                0x0800073c       0xe8 ./Core/Src/main.o
                0x0800073c                SystemClock_Config
 .text.HAL_TIM_PeriodElapsedCallback
                0x08000824       0x24 ./Core/Src/main.o
                0x08000824                HAL_TIM_PeriodElapsedCallback
 .text.Error_Handler
                0x08000848        0xc ./Core/Src/main.o
                0x08000848                Error_Handler
 .text.HAL_MspInit
                0x08000854       0x14 ./Core/Src/stm32h5xx_hal_msp.o
                0x08000854                HAL_MspInit
 .text.HAL_InitTick
                0x08000868       0xec ./Core/Src/stm32h5xx_hal_timebase_tim.o
                0x08000868                HAL_InitTick
 .text.NMI_Handler
                0x08000954        0x8 ./Core/Src/stm32h5xx_it.o
                0x08000954                NMI_Handler
 .text.HardFault_Handler
                0x0800095c        0x8 ./Core/Src/stm32h5xx_it.o
                0x0800095c                HardFault_Handler
 .text.MemManage_Handler
                0x08000964        0x8 ./Core/Src/stm32h5xx_it.o
                0x08000964                MemManage_Handler
 .text.BusFault_Handler
                0x0800096c        0x8 ./Core/Src/stm32h5xx_it.o
                0x0800096c                BusFault_Handler
 .text.UsageFault_Handler
                0x08000974        0x8 ./Core/Src/stm32h5xx_it.o
                0x08000974                UsageFault_Handler
 .text.DebugMon_Handler
                0x0800097c        0xe ./Core/Src/stm32h5xx_it.o
                0x0800097c                DebugMon_Handler
 *fill*         0x0800098a        0x2 
 .text.TIM3_IRQHandler
                0x0800098c       0x14 ./Core/Src/stm32h5xx_it.o
                0x0800098c                TIM3_IRQHandler
 .text.TIM6_IRQHandler
                0x080009a0       0x14 ./Core/Src/stm32h5xx_it.o
                0x080009a0                TIM6_IRQHandler
 .text.SystemInit
                0x080009b4       0xf8 ./Core/Src/system_stm32h5xx.o
                0x080009b4                SystemInit
 .text.MX_TIM3_Init
                0x08000aac       0xe4 ./Core/Src/tim.o
                0x08000aac                MX_TIM3_Init
 .text.HAL_TIM_Base_MspInit
                0x08000b90       0xa4 ./Core/Src/tim.o
                0x08000b90                HAL_TIM_Base_MspInit
 .text.HAL_TIM_IC_CaptureCallback
                0x08000c34       0xdc ./Core/Src/tim.o
                0x08000c34                HAL_TIM_IC_CaptureCallback
 .text.Reset_Handler
                0x08000d10       0x50 ./Core/Startup/startup_stm32h533retx.o
                0x08000d10                Reset_Handler
 .text.Default_Handler
                0x08000d60        0x2 ./Core/Startup/startup_stm32h533retx.o
                0x08000d60                HASH_IRQHandler
                0x08000d60                TIM8_TRG_COM_IRQHandler
                0x08000d60                TIM8_CC_IRQHandler
                0x08000d60                EXTI5_IRQHandler
                0x08000d60                I3C1_ER_IRQHandler
                0x08000d60                SPI4_IRQHandler
                0x08000d60                GPDMA2_Channel1_IRQHandler
                0x08000d60                FLASH_S_IRQHandler
                0x08000d60                EXTI13_IRQHandler
                0x08000d60                TIM1_CC_IRQHandler
                0x08000d60                GPDMA2_Channel3_IRQHandler
                0x08000d60                TAMP_IRQHandler
                0x08000d60                EXTI12_IRQHandler
                0x08000d60                USB_DRD_FS_IRQHandler
                0x08000d60                EXTI3_IRQHandler
                0x08000d60                GPDMA1_Channel5_IRQHandler
                0x08000d60                EXTI8_IRQHandler
                0x08000d60                GPDMA2_Channel5_IRQHandler
                0x08000d60                LPTIM2_IRQHandler
                0x08000d60                I2C3_ER_IRQHandler
                0x08000d60                GPDMA2_Channel2_IRQHandler
                0x08000d60                EXTI0_IRQHandler
                0x08000d60                I2C2_EV_IRQHandler
                0x08000d60                FPU_IRQHandler
                0x08000d60                GPDMA1_Channel3_IRQHandler
                0x08000d60                GPDMA1_Channel7_IRQHandler
                0x08000d60                FDCAN1_IT1_IRQHandler
                0x08000d60                RAMCFG_IRQHandler
                0x08000d60                DCACHE1_IRQHandler
                0x08000d60                SPI1_IRQHandler
                0x08000d60                OCTOSPI1_IRQHandler
                0x08000d60                GPDMA1_Channel2_IRQHandler
                0x08000d60                TIM8_UP_IRQHandler
                0x08000d60                RCC_S_IRQHandler
                0x08000d60                ADC1_IRQHandler
                0x08000d60                PKA_IRQHandler
                0x08000d60                USART6_IRQHandler
                0x08000d60                I3C2_ER_IRQHandler
                0x08000d60                EXTI15_IRQHandler
                0x08000d60                USART3_IRQHandler
                0x08000d60                RTC_IRQHandler
                0x08000d60                EXTI9_IRQHandler
                0x08000d60                UART5_IRQHandler
                0x08000d60                TIM4_IRQHandler
                0x08000d60                I3C2_EV_IRQHandler
                0x08000d60                I2C1_EV_IRQHandler
                0x08000d60                GPDMA1_Channel1_IRQHandler
                0x08000d60                UART4_IRQHandler
                0x08000d60                SecureFault_Handler
                0x08000d60                RCC_IRQHandler
                0x08000d60                TIM1_TRG_COM_IRQHandler
                0x08000d60                Default_Handler
                0x08000d60                CEC_IRQHandler
                0x08000d60                OTFDEC1_IRQHandler
                0x08000d60                GPDMA2_Channel4_IRQHandler
                0x08000d60                TIM12_IRQHandler
                0x08000d60                TIM7_IRQHandler
                0x08000d60                SDMMC1_IRQHandler
                0x08000d60                SAES_IRQHandler
                0x08000d60                TIM5_IRQHandler
                0x08000d60                UCPD1_IRQHandler
                0x08000d60                GPDMA1_Channel0_IRQHandler
                0x08000d60                I3C1_EV_IRQHandler
                0x08000d60                TIM15_IRQHandler
                0x08000d60                PVD_AVD_IRQHandler
                0x08000d60                I2C3_EV_IRQHandler
                0x08000d60                ADC2_IRQHandler
                0x08000d60                SPI2_IRQHandler
                0x08000d60                EXTI14_IRQHandler
                0x08000d60                EXTI11_IRQHandler
                0x08000d60                CRS_IRQHandler
                0x08000d60                EXTI4_IRQHandler
                0x08000d60                GPDMA2_Channel0_IRQHandler
                0x08000d60                RTC_S_IRQHandler
                0x08000d60                RNG_IRQHandler
                0x08000d60                FDCAN2_IT1_IRQHandler
                0x08000d60                GPDMA2_Channel6_IRQHandler
                0x08000d60                TIM1_UP_IRQHandler
                0x08000d60                WWDG_IRQHandler
                0x08000d60                FDCAN2_IT0_IRQHandler
                0x08000d60                IWDG_IRQHandler
                0x08000d60                LPUART1_IRQHandler
                0x08000d60                FDCAN1_IT0_IRQHandler
                0x08000d60                TIM2_IRQHandler
                0x08000d60                GPDMA1_Channel4_IRQHandler
                0x08000d60                EXTI7_IRQHandler
                0x08000d60                TIM1_BRK_IRQHandler
                0x08000d60                EXTI1_IRQHandler
                0x08000d60                AES_IRQHandler
                0x08000d60                DAC1_IRQHandler
                0x08000d60                DTS_IRQHandler
                0x08000d60                GTZC_IRQHandler
                0x08000d60                USART2_IRQHandler
                0x08000d60                GPDMA1_Channel6_IRQHandler
                0x08000d60                GPDMA2_Channel7_IRQHandler
                0x08000d60                I2C2_ER_IRQHandler
                0x08000d60                TIM8_BRK_IRQHandler
                0x08000d60                FLASH_IRQHandler
                0x08000d60                USART1_IRQHandler
                0x08000d60                EXTI10_IRQHandler
                0x08000d60                SPI3_IRQHandler
                0x08000d60                I2C1_ER_IRQHandler
                0x08000d60                FMC_IRQHandler
                0x08000d60                EXTI6_IRQHandler
                0x08000d60                LPTIM1_IRQHandler
                0x08000d60                DCMI_PSSI_IRQHandler
                0x08000d60                ICACHE_IRQHandler
                0x08000d60                EXTI2_IRQHandler
 *fill*         0x08000d62        0x2 
 .text.HAL_Init
                0x08000d64       0x50 ./Drivers/STM32H5xx_HAL_Driver/Src/stm32h5xx_hal.o
                0x08000d64                HAL_Init
 .text.HAL_IncTick
                0x08000db4       0x28 ./Drivers/STM32H5xx_HAL_Driver/Src/stm32h5xx_hal.o
                0x08000db4                HAL_IncTick
 .text.HAL_GetTick
                0x08000ddc       0x18 ./Drivers/STM32H5xx_HAL_Driver/Src/stm32h5xx_hal.o
                0x08000ddc                HAL_GetTick
 .text.__NVIC_SetPriorityGrouping
                0x08000df4       0x48 ./Drivers/STM32H5xx_HAL_Driver/Src/stm32h5xx_hal_cortex.o
 .text.__NVIC_GetPriorityGrouping
                0x08000e3c       0x1c ./Drivers/STM32H5xx_HAL_Driver/Src/stm32h5xx_hal_cortex.o
 .text.__NVIC_EnableIRQ
                0x08000e58       0x3c ./Drivers/STM32H5xx_HAL_Driver/Src/stm32h5xx_hal_cortex.o
 .text.__NVIC_SetPriority
                0x08000e94       0x54 ./Drivers/STM32H5xx_HAL_Driver/Src/stm32h5xx_hal_cortex.o
 .text.NVIC_EncodePriority
                0x08000ee8       0x66 ./Drivers/STM32H5xx_HAL_Driver/Src/stm32h5xx_hal_cortex.o
 .text.HAL_NVIC_SetPriorityGrouping
                0x08000f4e       0x16 ./Drivers/STM32H5xx_HAL_Driver/Src/stm32h5xx_hal_cortex.o
                0x08000f4e                HAL_NVIC_SetPriorityGrouping
 .text.HAL_NVIC_SetPriority
                0x08000f64       0x34 ./Drivers/STM32H5xx_HAL_Driver/Src/stm32h5xx_hal_cortex.o
                0x08000f64                HAL_NVIC_SetPriority
 .text.HAL_NVIC_EnableIRQ
                0x08000f98       0x1c ./Drivers/STM32H5xx_HAL_Driver/Src/stm32h5xx_hal_cortex.o
                0x08000f98                HAL_NVIC_EnableIRQ
 .text.HAL_SYSTICK_CLKSourceConfig
                0x08000fb4       0xb0 ./Drivers/STM32H5xx_HAL_Driver/Src/stm32h5xx_hal_cortex.o
                0x08000fb4                HAL_SYSTICK_CLKSourceConfig
 .text.HAL_FDCAN_Init
                0x08001064      0x2b4 ./Drivers/STM32H5xx_HAL_Driver/Src/stm32h5xx_hal_fdcan.o
                0x08001064                HAL_FDCAN_Init
 .text.HAL_FDCAN_ConfigFilter
                0x08001318       0xb4 ./Drivers/STM32H5xx_HAL_Driver/Src/stm32h5xx_hal_fdcan.o
                0x08001318                HAL_FDCAN_ConfigFilter
 .text.HAL_FDCAN_ConfigGlobalFilter
                0x080013cc       0x62 ./Drivers/STM32H5xx_HAL_Driver/Src/stm32h5xx_hal_fdcan.o
                0x080013cc                HAL_FDCAN_ConfigGlobalFilter
 .text.HAL_FDCAN_Start
                0x0800142e       0x50 ./Drivers/STM32H5xx_HAL_Driver/Src/stm32h5xx_hal_fdcan.o
                0x0800142e                HAL_FDCAN_Start
 .text.HAL_FDCAN_AddMessageToTxFifoQ
                0x0800147e       0x88 ./Drivers/STM32H5xx_HAL_Driver/Src/stm32h5xx_hal_fdcan.o
                0x0800147e                HAL_FDCAN_AddMessageToTxFifoQ
 *fill*         0x08001506        0x2 
 .text.FDCAN_CalcultateRamBlockAddresses
                0x08001508       0xc4 ./Drivers/STM32H5xx_HAL_Driver/Src/stm32h5xx_hal_fdcan.o
 .text.FDCAN_CopyMessageToRAM
                0x080015cc       0xf8 ./Drivers/STM32H5xx_HAL_Driver/Src/stm32h5xx_hal_fdcan.o
 .text.HAL_GPIO_Init
                0x080016c4      0x2bc ./Drivers/STM32H5xx_HAL_Driver/Src/stm32h5xx_hal_gpio.o
                0x080016c4                HAL_GPIO_Init
 .text.HAL_GPIO_WritePin
                0x08001980       0x30 ./Drivers/STM32H5xx_HAL_Driver/Src/stm32h5xx_hal_gpio.o
                0x08001980                HAL_GPIO_WritePin
 .text.HAL_GPIO_TogglePin
                0x080019b0       0x34 ./Drivers/STM32H5xx_HAL_Driver/Src/stm32h5xx_hal_gpio.o
                0x080019b0                HAL_GPIO_TogglePin
 .text.HAL_ICACHE_Enable
                0x080019e4       0x20 ./Drivers/STM32H5xx_HAL_Driver/Src/stm32h5xx_hal_icache.o
                0x080019e4                HAL_ICACHE_Enable
 .text.HAL_RCC_OscConfig
                0x08001a04      0x870 ./Drivers/STM32H5xx_HAL_Driver/Src/stm32h5xx_hal_rcc.o
                0x08001a04                HAL_RCC_OscConfig
 .text.HAL_RCC_ClockConfig
                0x08002274      0x370 ./Drivers/STM32H5xx_HAL_Driver/Src/stm32h5xx_hal_rcc.o
                0x08002274                HAL_RCC_ClockConfig
 .text.HAL_RCC_GetSysClockFreq
                0x080025e4      0x258 ./Drivers/STM32H5xx_HAL_Driver/Src/stm32h5xx_hal_rcc.o
                0x080025e4                HAL_RCC_GetSysClockFreq
 .text.HAL_RCC_GetHCLKFreq
                0x0800283c       0x38 ./Drivers/STM32H5xx_HAL_Driver/Src/stm32h5xx_hal_rcc.o
                0x0800283c                HAL_RCC_GetHCLKFreq
 .text.HAL_RCC_GetPCLK1Freq
                0x08002874       0x2c ./Drivers/STM32H5xx_HAL_Driver/Src/stm32h5xx_hal_rcc.o
                0x08002874                HAL_RCC_GetPCLK1Freq
 .text.HAL_RCC_GetClockConfig
                0x080028a0       0x70 ./Drivers/STM32H5xx_HAL_Driver/Src/stm32h5xx_hal_rcc.o
                0x080028a0                HAL_RCC_GetClockConfig
 .text.HAL_RCCEx_PeriphCLKConfig
                0x08002910     0x1380 ./Drivers/STM32H5xx_HAL_Driver/Src/stm32h5xx_hal_rcc_ex.o
                0x08002910                HAL_RCCEx_PeriphCLKConfig
 .text.RCCEx_PLL2_Config
                0x08003c90      0x130 ./Drivers/STM32H5xx_HAL_Driver/Src/stm32h5xx_hal_rcc_ex.o
 .text.RCCEx_PLL3_Config
                0x08003dc0      0x130 ./Drivers/STM32H5xx_HAL_Driver/Src/stm32h5xx_hal_rcc_ex.o
 .text.HAL_TIM_Base_Init
                0x08003ef0       0xae ./Drivers/STM32H5xx_HAL_Driver/Src/stm32h5xx_hal_tim.o
                0x08003ef0                HAL_TIM_Base_Init
 *fill*         0x08003f9e        0x2 
 .text.HAL_TIM_Base_Start_IT
                0x08003fa0      0x15c ./Drivers/STM32H5xx_HAL_Driver/Src/stm32h5xx_hal_tim.o
                0x08003fa0                HAL_TIM_Base_Start_IT
 .text.HAL_TIM_IC_Init
                0x080040fc       0xae ./Drivers/STM32H5xx_HAL_Driver/Src/stm32h5xx_hal_tim.o
                0x080040fc                HAL_TIM_IC_Init
 .text.HAL_TIM_IC_MspInit
                0x080041aa       0x14 ./Drivers/STM32H5xx_HAL_Driver/Src/stm32h5xx_hal_tim.o
                0x080041aa                HAL_TIM_IC_MspInit
 *fill*         0x080041be        0x2 
 .text.HAL_TIM_IC_Start_IT
                0x080041c0      0x30c ./Drivers/STM32H5xx_HAL_Driver/Src/stm32h5xx_hal_tim.o
                0x080041c0                HAL_TIM_IC_Start_IT
 .text.HAL_TIM_IRQHandler
                0x080044cc      0x29e ./Drivers/STM32H5xx_HAL_Driver/Src/stm32h5xx_hal_tim.o
                0x080044cc                HAL_TIM_IRQHandler
 .text.HAL_TIM_IC_ConfigChannel
                0x0800476a      0x138 ./Drivers/STM32H5xx_HAL_Driver/Src/stm32h5xx_hal_tim.o
                0x0800476a                HAL_TIM_IC_ConfigChannel
 *fill*         0x080048a2        0x2 
 .text.HAL_TIM_ConfigClockSource
                0x080048a4      0x23c ./Drivers/STM32H5xx_HAL_Driver/Src/stm32h5xx_hal_tim.o
                0x080048a4                HAL_TIM_ConfigClockSource
 .text.HAL_TIM_ReadCapturedValue
                0x08004ae0       0x88 ./Drivers/STM32H5xx_HAL_Driver/Src/stm32h5xx_hal_tim.o
                0x08004ae0                HAL_TIM_ReadCapturedValue
 .text.HAL_TIM_OC_DelayElapsedCallback
                0x08004b68       0x14 ./Drivers/STM32H5xx_HAL_Driver/Src/stm32h5xx_hal_tim.o
                0x08004b68                HAL_TIM_OC_DelayElapsedCallback
 .text.HAL_TIM_PWM_PulseFinishedCallback
                0x08004b7c       0x14 ./Drivers/STM32H5xx_HAL_Driver/Src/stm32h5xx_hal_tim.o
                0x08004b7c                HAL_TIM_PWM_PulseFinishedCallback
 .text.HAL_TIM_TriggerCallback
                0x08004b90       0x14 ./Drivers/STM32H5xx_HAL_Driver/Src/stm32h5xx_hal_tim.o
                0x08004b90                HAL_TIM_TriggerCallback
 .text.TIM_Base_SetConfig
                0x08004ba4      0x1d4 ./Drivers/STM32H5xx_HAL_Driver/Src/stm32h5xx_hal_tim.o
                0x08004ba4                TIM_Base_SetConfig
 .text.TIM_TI1_SetConfig
                0x08004d78      0x144 ./Drivers/STM32H5xx_HAL_Driver/Src/stm32h5xx_hal_tim.o
                0x08004d78                TIM_TI1_SetConfig
 .text.TIM_TI1_ConfigInputStage
                0x08004ebc       0x5e ./Drivers/STM32H5xx_HAL_Driver/Src/stm32h5xx_hal_tim.o
 .text.TIM_TI2_SetConfig
                0x08004f1a       0x7a ./Drivers/STM32H5xx_HAL_Driver/Src/stm32h5xx_hal_tim.o
 .text.TIM_TI2_ConfigInputStage
                0x08004f94       0x60 ./Drivers/STM32H5xx_HAL_Driver/Src/stm32h5xx_hal_tim.o
 .text.TIM_TI3_SetConfig
                0x08004ff4       0x78 ./Drivers/STM32H5xx_HAL_Driver/Src/stm32h5xx_hal_tim.o
 .text.TIM_TI4_SetConfig
                0x0800506c       0x7a ./Drivers/STM32H5xx_HAL_Driver/Src/stm32h5xx_hal_tim.o
 .text.TIM_ITRx_SetConfig
                0x080050e6       0x3a ./Drivers/STM32H5xx_HAL_Driver/Src/stm32h5xx_hal_tim.o
 .text.TIM_ETR_SetConfig
                0x08005120       0x40 ./Drivers/STM32H5xx_HAL_Driver/Src/stm32h5xx_hal_tim.o
                0x08005120                TIM_ETR_SetConfig
 .text.TIM_CCxChannelCmd
                0x08005160       0x4a ./Drivers/STM32H5xx_HAL_Driver/Src/stm32h5xx_hal_tim.o
                0x08005160                TIM_CCxChannelCmd
 *fill*         0x080051aa        0x2 
 .text.HAL_TIMEx_MasterConfigSynchronization
                0x080051ac      0x1a0 ./Drivers/STM32H5xx_HAL_Driver/Src/stm32h5xx_hal_tim_ex.o
                0x080051ac                HAL_TIMEx_MasterConfigSynchronization
 .text.HAL_TIMEx_CommutCallback
                0x0800534c       0x14 ./Drivers/STM32H5xx_HAL_Driver/Src/stm32h5xx_hal_tim_ex.o
                0x0800534c                HAL_TIMEx_CommutCallback
 .text.HAL_TIMEx_BreakCallback
                0x08005360       0x14 ./Drivers/STM32H5xx_HAL_Driver/Src/stm32h5xx_hal_tim_ex.o
                0x08005360                HAL_TIMEx_BreakCallback
 .text.HAL_TIMEx_Break2Callback
                0x08005374       0x14 ./Drivers/STM32H5xx_HAL_Driver/Src/stm32h5xx_hal_tim_ex.o
                0x08005374                HAL_TIMEx_Break2Callback
 .text.HAL_TIMEx_EncoderIndexCallback
                0x08005388       0x14 ./Drivers/STM32H5xx_HAL_Driver/Src/stm32h5xx_hal_tim_ex.o
                0x08005388                HAL_TIMEx_EncoderIndexCallback
 .text.HAL_TIMEx_DirectionChangeCallback
                0x0800539c       0x14 ./Drivers/STM32H5xx_HAL_Driver/Src/stm32h5xx_hal_tim_ex.o
                0x0800539c                HAL_TIMEx_DirectionChangeCallback
 .text.HAL_TIMEx_IndexErrorCallback
                0x080053b0       0x14 ./Drivers/STM32H5xx_HAL_Driver/Src/stm32h5xx_hal_tim_ex.o
                0x080053b0                HAL_TIMEx_IndexErrorCallback
 .text.HAL_TIMEx_TransitionErrorCallback
                0x080053c4       0x14 ./Drivers/STM32H5xx_HAL_Driver/Src/stm32h5xx_hal_tim_ex.o
                0x080053c4                HAL_TIMEx_TransitionErrorCallback
 .text.__NVIC_SetPriority
                0x080053d8       0x54 ./Middlewares/Third_Party/FreeRTOS/Source/CMSIS_RTOS_V2/cmsis_os2.o
 .text.SysTick_Handler
                0x0800542c       0x20 ./Middlewares/Third_Party/FreeRTOS/Source/CMSIS_RTOS_V2/cmsis_os2.o
                0x0800542c                SysTick_Handler
 .text.SVC_Setup
                0x0800544c       0x12 ./Middlewares/Third_Party/FreeRTOS/Source/CMSIS_RTOS_V2/cmsis_os2.o
 .text.IRQ_Context
                0x0800545e       0x4e ./Middlewares/Third_Party/FreeRTOS/Source/CMSIS_RTOS_V2/cmsis_os2.o
 .text.osKernelInitialize
                0x080054ac       0x4c ./Middlewares/Third_Party/FreeRTOS/Source/CMSIS_RTOS_V2/cmsis_os2.o
                0x080054ac                osKernelInitialize
 .text.osKernelStart
                0x080054f8       0x54 ./Middlewares/Third_Party/FreeRTOS/Source/CMSIS_RTOS_V2/cmsis_os2.o
                0x080054f8                osKernelStart
 .text.osThreadNew
                0x0800554c      0x122 ./Middlewares/Third_Party/FreeRTOS/Source/CMSIS_RTOS_V2/cmsis_os2.o
                0x0800554c                osThreadNew
 .text.osDelay  0x0800566e       0x34 ./Middlewares/Third_Party/FreeRTOS/Source/CMSIS_RTOS_V2/cmsis_os2.o
                0x0800566e                osDelay
 .text.osEventFlagsNew
                0x080056a2       0x7c ./Middlewares/Third_Party/FreeRTOS/Source/CMSIS_RTOS_V2/cmsis_os2.o
                0x080056a2                osEventFlagsNew
 .text.osMutexNew
                0x0800571e      0x10a ./Middlewares/Third_Party/FreeRTOS/Source/CMSIS_RTOS_V2/cmsis_os2.o
                0x0800571e                osMutexNew
 .text.osMutexAcquire
                0x08005828       0x94 ./Middlewares/Third_Party/FreeRTOS/Source/CMSIS_RTOS_V2/cmsis_os2.o
                0x08005828                osMutexAcquire
 .text.osMutexRelease
                0x080058bc       0x78 ./Middlewares/Third_Party/FreeRTOS/Source/CMSIS_RTOS_V2/cmsis_os2.o
                0x080058bc                osMutexRelease
 .text.osMessageQueueNew
                0x08005934       0xe4 ./Middlewares/Third_Party/FreeRTOS/Source/CMSIS_RTOS_V2/cmsis_os2.o
                0x08005934                osMessageQueueNew
 .text.osMessageQueuePut
                0x08005a18       0xb4 ./Middlewares/Third_Party/FreeRTOS/Source/CMSIS_RTOS_V2/cmsis_os2.o
                0x08005a18                osMessageQueuePut
 .text.osMessageQueueGet
                0x08005acc       0xb0 ./Middlewares/Third_Party/FreeRTOS/Source/CMSIS_RTOS_V2/cmsis_os2.o
                0x08005acc                osMessageQueueGet
 .text.vApplicationGetIdleTaskMemory
                0x08005b7c       0x34 ./Middlewares/Third_Party/FreeRTOS/Source/CMSIS_RTOS_V2/cmsis_os2.o
                0x08005b7c                vApplicationGetIdleTaskMemory
 .text.vApplicationGetTimerTaskMemory
                0x08005bb0       0x34 ./Middlewares/Third_Party/FreeRTOS/Source/CMSIS_RTOS_V2/cmsis_os2.o
                0x08005bb0                vApplicationGetTimerTaskMemory
 .text.xEventGroupCreateStatic
                0x08005be4       0x52 ./Middlewares/Third_Party/FreeRTOS/Source/event_groups.o
                0x08005be4                xEventGroupCreateStatic
 .text.xEventGroupCreate
                0x08005c36       0x34 ./Middlewares/Third_Party/FreeRTOS/Source/event_groups.o
                0x08005c36                xEventGroupCreate
 .text.vListInitialise
                0x08005c6a       0x40 ./Middlewares/Third_Party/FreeRTOS/Source/list.o
                0x08005c6a                vListInitialise
 .text.vListInitialiseItem
                0x08005caa       0x1a ./Middlewares/Third_Party/FreeRTOS/Source/list.o
                0x08005caa                vListInitialiseItem
 .text.vListInsert
                0x08005cc4       0x72 ./Middlewares/Third_Party/FreeRTOS/Source/list.o
                0x08005cc4                vListInsert
 .text.uxListRemove
                0x08005d36       0x54 ./Middlewares/Third_Party/FreeRTOS/Source/list.o
                0x08005d36                uxListRemove
 .text.xQueueGenericReset
                0x08005d8a       0xf2 ./Middlewares/Third_Party/FreeRTOS/Source/queue.o
                0x08005d8a                xQueueGenericReset
 .text.xQueueGenericCreateStatic
                0x08005e7c       0x92 ./Middlewares/Third_Party/FreeRTOS/Source/queue.o
                0x08005e7c                xQueueGenericCreateStatic
 .text.xQueueGenericCreate
                0x08005f0e       0x96 ./Middlewares/Third_Party/FreeRTOS/Source/queue.o
                0x08005f0e                xQueueGenericCreate
 .text.prvInitialiseNewQueue
                0x08005fa4       0x46 ./Middlewares/Third_Party/FreeRTOS/Source/queue.o
 .text.prvInitialiseMutex
                0x08005fea       0x34 ./Middlewares/Third_Party/FreeRTOS/Source/queue.o
 .text.xQueueCreateMutex
                0x0800601e       0x30 ./Middlewares/Third_Party/FreeRTOS/Source/queue.o
                0x0800601e                xQueueCreateMutex
 .text.xQueueCreateMutexStatic
                0x0800604e       0x36 ./Middlewares/Third_Party/FreeRTOS/Source/queue.o
                0x0800604e                xQueueCreateMutexStatic
 .text.xQueueGiveMutexRecursive
                0x08006084       0x5a ./Middlewares/Third_Party/FreeRTOS/Source/queue.o
                0x08006084                xQueueGiveMutexRecursive
 .text.xQueueTakeMutexRecursive
                0x080060de       0x5e ./Middlewares/Third_Party/FreeRTOS/Source/queue.o
                0x080060de                xQueueTakeMutexRecursive
 .text.xQueueGenericSend
                0x0800613c      0x19a ./Middlewares/Third_Party/FreeRTOS/Source/queue.o
                0x0800613c                xQueueGenericSend
 .text.xQueueGenericSendFromISR
                0x080062d6      0x10c ./Middlewares/Third_Party/FreeRTOS/Source/queue.o
                0x080062d6                xQueueGenericSendFromISR
 .text.xQueueReceive
                0x080063e2      0x178 ./Middlewares/Third_Party/FreeRTOS/Source/queue.o
                0x080063e2                xQueueReceive
 .text.xQueueSemaphoreTake
                0x0800655a      0x1b4 ./Middlewares/Third_Party/FreeRTOS/Source/queue.o
                0x0800655a                xQueueSemaphoreTake
 .text.xQueueReceiveFromISR
                0x0800670e       0xe4 ./Middlewares/Third_Party/FreeRTOS/Source/queue.o
                0x0800670e                xQueueReceiveFromISR
 .text.prvGetDisinheritPriorityAfterTimeout
                0x080067f2       0x30 ./Middlewares/Third_Party/FreeRTOS/Source/queue.o
 .text.prvCopyDataToQueue
                0x08006822       0xd4 ./Middlewares/Third_Party/FreeRTOS/Source/queue.o
 .text.prvCopyDataFromQueue
                0x080068f6       0x4c ./Middlewares/Third_Party/FreeRTOS/Source/queue.o
 .text.prvUnlockQueue
                0x08006942       0xa4 ./Middlewares/Third_Party/FreeRTOS/Source/queue.o
 .text.prvIsQueueEmpty
                0x080069e6       0x2c ./Middlewares/Third_Party/FreeRTOS/Source/queue.o
 .text.prvIsQueueFull
                0x08006a12       0x30 ./Middlewares/Third_Party/FreeRTOS/Source/queue.o
 *fill*         0x08006a42        0x2 
 .text.vQueueAddToRegistry
                0x08006a44       0x8c ./Middlewares/Third_Party/FreeRTOS/Source/queue.o
                0x08006a44                vQueueAddToRegistry
 .text.vQueueWaitForMessageRestricted
                0x08006ad0       0x68 ./Middlewares/Third_Party/FreeRTOS/Source/queue.o
                0x08006ad0                vQueueWaitForMessageRestricted
 .text.xTaskCreateStatic
                0x08006b38       0x9a ./Middlewares/Third_Party/FreeRTOS/Source/tasks.o
                0x08006b38                xTaskCreateStatic
 .text.xTaskCreate
                0x08006bd2       0x94 ./Middlewares/Third_Party/FreeRTOS/Source/tasks.o
                0x08006bd2                xTaskCreate
 .text.prvInitialiseNewTask
                0x08006c66      0x104 ./Middlewares/Third_Party/FreeRTOS/Source/tasks.o
 *fill*         0x08006d6a        0x2 
 .text.prvAddNewTaskToReadyList
                0x08006d6c      0x120 ./Middlewares/Third_Party/FreeRTOS/Source/tasks.o
 .text.vTaskDelay
                0x08006e8c       0x4c ./Middlewares/Third_Party/FreeRTOS/Source/tasks.o
                0x08006e8c                vTaskDelay
 .text.vTaskStartScheduler
                0x08006ed8       0xb8 ./Middlewares/Third_Party/FreeRTOS/Source/tasks.o
                0x08006ed8                vTaskStartScheduler
 .text.vTaskSuspendAll
                0x08006f90       0x1c ./Middlewares/Third_Party/FreeRTOS/Source/tasks.o
                0x08006f90                vTaskSuspendAll
 .text.xTaskResumeAll
                0x08006fac      0x1dc ./Middlewares/Third_Party/FreeRTOS/Source/tasks.o
                0x08006fac                xTaskResumeAll
 .text.xTaskGetTickCount
                0x08007188       0x20 ./Middlewares/Third_Party/FreeRTOS/Source/tasks.o
                0x08007188                xTaskGetTickCount
 .text.uxTaskGetNumberOfTasks
                0x080071a8       0x18 ./Middlewares/Third_Party/FreeRTOS/Source/tasks.o
                0x080071a8                uxTaskGetNumberOfTasks
 .text.xTaskIncrementTick
                0x080071c0      0x220 ./Middlewares/Third_Party/FreeRTOS/Source/tasks.o
                0x080071c0                xTaskIncrementTick
 .text.vTaskSwitchContext
                0x080073e0       0xa8 ./Middlewares/Third_Party/FreeRTOS/Source/tasks.o
                0x080073e0                vTaskSwitchContext
 .text.vTaskPlaceOnEventList
                0x08007488       0x3c ./Middlewares/Third_Party/FreeRTOS/Source/tasks.o
                0x08007488                vTaskPlaceOnEventList
 .text.vTaskPlaceOnEventListRestricted
                0x080074c4       0x7c ./Middlewares/Third_Party/FreeRTOS/Source/tasks.o
                0x080074c4                vTaskPlaceOnEventListRestricted
 .text.xTaskRemoveFromEventList
                0x08007540      0x19c ./Middlewares/Third_Party/FreeRTOS/Source/tasks.o
                0x08007540                xTaskRemoveFromEventList
 .text.vTaskInternalSetTimeOutState
                0x080076dc       0x2c ./Middlewares/Third_Party/FreeRTOS/Source/tasks.o
                0x080076dc                vTaskInternalSetTimeOutState
 .text.xTaskCheckForTimeOut
                0x08007708       0xb0 ./Middlewares/Third_Party/FreeRTOS/Source/tasks.o
                0x08007708                xTaskCheckForTimeOut
 .text.vTaskMissedYield
                0x080077b8       0x18 ./Middlewares/Third_Party/FreeRTOS/Source/tasks.o
                0x080077b8                vTaskMissedYield
 .text.prvIdleTask
                0x080077d0       0x20 ./Middlewares/Third_Party/FreeRTOS/Source/tasks.o
 .text.prvInitialiseTaskLists
                0x080077f0       0x80 ./Middlewares/Third_Party/FreeRTOS/Source/tasks.o
 .text.prvCheckTasksWaitingTermination
                0x08007870       0x5c ./Middlewares/Third_Party/FreeRTOS/Source/tasks.o
 .text.prvDeleteTCB
                0x080078cc       0x50 ./Middlewares/Third_Party/FreeRTOS/Source/tasks.o
 .text.prvResetNextTaskUnblockTime
                0x0800791c       0x38 ./Middlewares/Third_Party/FreeRTOS/Source/tasks.o
 .text.xTaskGetCurrentTaskHandle
                0x08007954       0x20 ./Middlewares/Third_Party/FreeRTOS/Source/tasks.o
                0x08007954                xTaskGetCurrentTaskHandle
 .text.xTaskGetSchedulerState
                0x08007974       0x3c ./Middlewares/Third_Party/FreeRTOS/Source/tasks.o
                0x08007974                xTaskGetSchedulerState
 .text.xTaskPriorityInherit
                0x080079b0      0x120 ./Middlewares/Third_Party/FreeRTOS/Source/tasks.o
                0x080079b0                xTaskPriorityInherit
 .text.xTaskPriorityDisinherit
                0x08007ad0      0x110 ./Middlewares/Third_Party/FreeRTOS/Source/tasks.o
                0x08007ad0                xTaskPriorityDisinherit
 .text.vTaskPriorityDisinheritAfterTimeout
                0x08007be0      0x138 ./Middlewares/Third_Party/FreeRTOS/Source/tasks.o
                0x08007be0                vTaskPriorityDisinheritAfterTimeout
 .text.pvTaskIncrementMutexHeldCount
                0x08007d18       0x28 ./Middlewares/Third_Party/FreeRTOS/Source/tasks.o
                0x08007d18                pvTaskIncrementMutexHeldCount
 .text.prvAddCurrentTaskToDelayedList
                0x08007d40       0xdc ./Middlewares/Third_Party/FreeRTOS/Source/tasks.o
 .text.xTimerCreateTimerTask
                0x08007e1c       0x80 ./Middlewares/Third_Party/FreeRTOS/Source/timers.o
                0x08007e1c                xTimerCreateTimerTask
 .text.prvReloadTimer
                0x08007e9c       0x42 ./Middlewares/Third_Party/FreeRTOS/Source/timers.o
 *fill*         0x08007ede        0x2 
 .text.prvProcessExpiredTimer
                0x08007ee0       0x60 ./Middlewares/Third_Party/FreeRTOS/Source/timers.o
 .text.prvTimerTask
                0x08007f40       0x26 ./Middlewares/Third_Party/FreeRTOS/Source/timers.o
 *fill*         0x08007f66        0x2 
 .text.prvProcessTimerOrBlockTask
                0x08007f68       0x8c ./Middlewares/Third_Party/FreeRTOS/Source/timers.o
 .text.prvGetNextExpireTime
                0x08007ff4       0x48 ./Middlewares/Third_Party/FreeRTOS/Source/timers.o
 .text.prvSampleTimeNow
                0x0800803c       0x40 ./Middlewares/Third_Party/FreeRTOS/Source/timers.o
 .text.prvInsertTimerInActiveList
                0x0800807c       0x84 ./Middlewares/Third_Party/FreeRTOS/Source/timers.o
 .text.prvProcessReceivedCommands
                0x08008100      0x19c ./Middlewares/Third_Party/FreeRTOS/Source/timers.o
 .text.prvSwitchTimerLists
                0x0800829c       0x4c ./Middlewares/Third_Party/FreeRTOS/Source/timers.o
 .text.prvCheckForValidListAndQueue
                0x080082e8       0x80 ./Middlewares/Third_Party/FreeRTOS/Source/timers.o
 .text.vPortSetupTimerInterrupt
                0x08008368       0x48 ./Middlewares/Third_Party/FreeRTOS/Source/portable/GCC/ARM_CM33_NTZ/non_secure/port.o
                0x08008368                vPortSetupTimerInterrupt
 .text.prvTaskExitError
                0x080083b0       0x38 ./Middlewares/Third_Party/FreeRTOS/Source/portable/GCC/ARM_CM33_NTZ/non_secure/port.o
 .text.vPortYield
                0x080083e8       0x24 ./Middlewares/Third_Party/FreeRTOS/Source/portable/GCC/ARM_CM33_NTZ/non_secure/port.o
                0x080083e8                vPortYield
 .text.vPortEnterCritical
                0x0800840c       0x24 ./Middlewares/Third_Party/FreeRTOS/Source/portable/GCC/ARM_CM33_NTZ/non_secure/port.o
                0x0800840c                vPortEnterCritical
 .text.vPortExitCritical
                0x08008430       0x34 ./Middlewares/Third_Party/FreeRTOS/Source/portable/GCC/ARM_CM33_NTZ/non_secure/port.o
                0x08008430                vPortExitCritical
 .text.xPortSysTickHandler
                0x08008464       0x30 ./Middlewares/Third_Party/FreeRTOS/Source/portable/GCC/ARM_CM33_NTZ/non_secure/port.o
                0x08008464                xPortSysTickHandler
 .text.vPortSVCHandler_C
                0x08008494       0x32 ./Middlewares/Third_Party/FreeRTOS/Source/portable/GCC/ARM_CM33_NTZ/non_secure/port.o
                0x08008494                vPortSVCHandler_C
 *fill*         0x080084c6        0x2 
 .text.pxPortInitialiseStack
                0x080084c8      0x114 ./Middlewares/Third_Party/FreeRTOS/Source/portable/GCC/ARM_CM33_NTZ/non_secure/port.o
                0x080084c8                pxPortInitialiseStack
 .text.xPortStartScheduler
                0x080085dc       0xf4 ./Middlewares/Third_Party/FreeRTOS/Source/portable/GCC/ARM_CM33_NTZ/non_secure/port.o
                0x080085dc                xPortStartScheduler
 .text.vPortValidateInterruptPriority
                0x080086d0       0x60 ./Middlewares/Third_Party/FreeRTOS/Source/portable/GCC/ARM_CM33_NTZ/non_secure/port.o
                0x080086d0                vPortValidateInterruptPriority
 .text.vRestoreContextOfFirstTask
                0x08008730       0x38 ./Middlewares/Third_Party/FreeRTOS/Source/portable/GCC/ARM_CM33_NTZ/non_secure/portasm.o
                0x08008730                vRestoreContextOfFirstTask
 *fill*         0x08008768        0x8 
 .text.vStartFirstTask
                0x08008770       0x28 ./Middlewares/Third_Party/FreeRTOS/Source/portable/GCC/ARM_CM33_NTZ/non_secure/portasm.o
                0x08008770                vStartFirstTask
 .text.ulSetInterruptMask
                0x08008798       0x1a ./Middlewares/Third_Party/FreeRTOS/Source/portable/GCC/ARM_CM33_NTZ/non_secure/portasm.o
                0x08008798                ulSetInterruptMask
 .text.vClearInterruptMask
                0x080087b2       0x10 ./Middlewares/Third_Party/FreeRTOS/Source/portable/GCC/ARM_CM33_NTZ/non_secure/portasm.o
                0x080087b2                vClearInterruptMask
 *fill*         0x080087c2        0xe 
 .text.PendSV_Handler
                0x080087d0       0x58 ./Middlewares/Third_Party/FreeRTOS/Source/portable/GCC/ARM_CM33_NTZ/non_secure/portasm.o
                0x080087d0                PendSV_Handler
 *fill*         0x08008828        0x8 
 .text.SVC_Handler
                0x08008830       0x28 ./Middlewares/Third_Party/FreeRTOS/Source/portable/GCC/ARM_CM33_NTZ/non_secure/portasm.o
                0x08008830                SVC_Handler
 .text.pvPortMalloc
                0x08008858       0xa4 ./Middlewares/Third_Party/FreeRTOS/Source/portable/MemMang/heap_1.o
                0x08008858                pvPortMalloc
 .text.vPortFree
                0x080088fc       0x1e ./Middlewares/Third_Party/FreeRTOS/Source/portable/MemMang/heap_1.o
                0x080088fc                vPortFree
 .text.memset   0x0800891a       0x10 /Applications/STM32CubeIDE.app/Contents/Eclipse/plugins/com.st.stm32cube.ide.mcu.externaltools.gnu-tools-for-stm32.13.3.rel1.macos64_1.0.0.202411102158/tools/bin/../lib/gcc/arm-none-eabi/13.3.1/../../../../arm-none-eabi/lib/thumb/v8-m.main+fp/hard/libc_nano.a(libc_a-memset.o)
                0x0800891a                memset
 *fill*         0x0800892a        0x2 
 .text.__libc_init_array
                0x0800892c       0x48 /Applications/STM32CubeIDE.app/Contents/Eclipse/plugins/com.st.stm32cube.ide.mcu.externaltools.gnu-tools-for-stm32.13.3.rel1.macos64_1.0.0.202411102158/tools/bin/../lib/gcc/arm-none-eabi/13.3.1/../../../../arm-none-eabi/lib/thumb/v8-m.main+fp/hard/libc_nano.a(libc_a-init.o)
                0x0800892c                __libc_init_array
 .text.memcpy   0x08008974       0x1a /Applications/STM32CubeIDE.app/Contents/Eclipse/plugins/com.st.stm32cube.ide.mcu.externaltools.gnu-tools-for-stm32.13.3.rel1.macos64_1.0.0.202411102158/tools/bin/../lib/gcc/arm-none-eabi/13.3.1/../../../../arm-none-eabi/lib/thumb/v8-m.main+fp/hard/libc_nano.a(libc_a-memcpy-stub.o)
                0x08008974                memcpy
 *(.glue_7)
 .glue_7        0x0800898e        0x0 linker stubs
 *(.glue_7t)
 .glue_7t       0x0800898e        0x0 linker stubs
 *(.eh_frame)
 *fill*         0x0800898e        0x2 
 .eh_frame      0x08008990        0x0 /Applications/STM32CubeIDE.app/Contents/Eclipse/plugins/com.st.stm32cube.ide.mcu.externaltools.gnu-tools-for-stm32.13.3.rel1.macos64_1.0.0.202411102158/tools/bin/../lib/gcc/arm-none-eabi/13.3.1/thumb/v8-m.main+fp/hard/crtbegin.o
 *(.init)
 .init          0x08008990        0x4 /Applications/STM32CubeIDE.app/Contents/Eclipse/plugins/com.st.stm32cube.ide.mcu.externaltools.gnu-tools-for-stm32.13.3.rel1.macos64_1.0.0.202411102158/tools/bin/../lib/gcc/arm-none-eabi/13.3.1/thumb/v8-m.main+fp/hard/crti.o
                0x08008990                _init
 .init          0x08008994        0x8 /Applications/STM32CubeIDE.app/Contents/Eclipse/plugins/com.st.stm32cube.ide.mcu.externaltools.gnu-tools-for-stm32.13.3.rel1.macos64_1.0.0.202411102158/tools/bin/../lib/gcc/arm-none-eabi/13.3.1/thumb/v8-m.main+fp/hard/crtn.o
 *(.fini)
 .fini          0x0800899c        0x4 /Applications/STM32CubeIDE.app/Contents/Eclipse/plugins/com.st.stm32cube.ide.mcu.externaltools.gnu-tools-for-stm32.13.3.rel1.macos64_1.0.0.202411102158/tools/bin/../lib/gcc/arm-none-eabi/13.3.1/thumb/v8-m.main+fp/hard/crti.o
                0x0800899c                _fini
 .fini          0x080089a0        0x8 /Applications/STM32CubeIDE.app/Contents/Eclipse/plugins/com.st.stm32cube.ide.mcu.externaltools.gnu-tools-for-stm32.13.3.rel1.macos64_1.0.0.202411102158/tools/bin/../lib/gcc/arm-none-eabi/13.3.1/thumb/v8-m.main+fp/hard/crtn.o
                0x080089a8                        . = ALIGN (0x4)
                0x080089a8                        _etext = .

.vfp11_veneer   0x080089a8        0x0
 .vfp11_veneer  0x080089a8        0x0 linker stubs

.v4_bx          0x080089a8        0x0
 .v4_bx         0x080089a8        0x0 linker stubs

.iplt           0x080089a8        0x0
 .iplt          0x080089a8        0x0 /Applications/STM32CubeIDE.app/Contents/Eclipse/plugins/com.st.stm32cube.ide.mcu.externaltools.gnu-tools-for-stm32.13.3.rel1.macos64_1.0.0.202411102158/tools/bin/../lib/gcc/arm-none-eabi/13.3.1/thumb/v8-m.main+fp/hard/crtbegin.o

.rodata         0x080089a8      0x10c
                0x080089a8                        . = ALIGN (0x4)
 *(.rodata)
 .rodata        0x080089a8       0x45 ./Core/Src/app_freertos.o
 *fill*         0x080089ed        0x3 
 .rodata        0x080089f0        0x5 ./Middlewares/Third_Party/FreeRTOS/Source/tasks.o
 *fill*         0x080089f5        0x3 
 .rodata        0x080089f8        0xd ./Middlewares/Third_Party/FreeRTOS/Source/timers.o
 *(.rodata*)
 *fill*         0x08008a05        0x3 
 .rodata.canfdTXTask_attributes
                0x08008a08       0x24 ./Core/Src/app_freertos.o
                0x08008a08                canfdTXTask_attributes
 .rodata.rpmEvalTask_attributes
                0x08008a2c       0x24 ./Core/Src/app_freertos.o
                0x08008a2c                rpmEvalTask_attributes
 .rodata.nodeDataMutex_attributes
                0x08008a50       0x10 ./Core/Src/app_freertos.o
                0x08008a50                nodeDataMutex_attributes
 .rodata.wheelSpeedFrequency_attributes
                0x08008a60       0x18 ./Core/Src/app_freertos.o
                0x08008a60                wheelSpeedFrequency_attributes
 .rodata.rpmEvent_attributes
                0x08008a78       0x10 ./Core/Src/app_freertos.o
                0x08008a78                rpmEvent_attributes
 .rodata.AHBPrescTable
                0x08008a88       0x10 ./Core/Src/system_stm32h5xx.o
                0x08008a88                AHBPrescTable
 .rodata.APBPrescTable
                0x08008a98        0x8 ./Core/Src/system_stm32h5xx.o
                0x08008a98                APBPrescTable
 .rodata.DLCtoBytes
                0x08008aa0       0x10 ./Drivers/STM32H5xx_HAL_Driver/Src/stm32h5xx_hal_fdcan.o
 .rodata.uxTopUsedPriority
                0x08008ab0        0x4 ./Middlewares/Third_Party/FreeRTOS/Source/tasks.o
                0x08008ab0                uxTopUsedPriority
                0x08008ab4                        . = ALIGN (0x4)

.ARM.extab      0x08008ab4        0x0
                0x08008ab4                        . = ALIGN (0x4)
 *(.ARM.extab* .gnu.linkonce.armextab.*)
                0x08008ab4                        . = ALIGN (0x4)

.ARM            0x08008ab4        0x0
                0x08008ab4                        . = ALIGN (0x4)
                0x08008ab4                        __exidx_start = .
 *(.ARM.exidx*)
                0x08008ab4                        __exidx_end = .
                0x08008ab4                        . = ALIGN (0x4)

.preinit_array  0x08008ab4        0x0
                0x08008ab4                        . = ALIGN (0x4)
                0x08008ab4                        PROVIDE (__preinit_array_start = .)
 *(.preinit_array*)
                0x08008ab4                        PROVIDE (__preinit_array_end = .)
                0x08008ab4                        . = ALIGN (0x4)

.init_array     0x08008ab4        0x4
                0x08008ab4                        . = ALIGN (0x4)
                0x08008ab4                        PROVIDE (__init_array_start = .)
 *(SORT_BY_NAME(.init_array.*))
 *(.init_array*)
 .init_array    0x08008ab4        0x4 /Applications/STM32CubeIDE.app/Contents/Eclipse/plugins/com.st.stm32cube.ide.mcu.externaltools.gnu-tools-for-stm32.13.3.rel1.macos64_1.0.0.202411102158/tools/bin/../lib/gcc/arm-none-eabi/13.3.1/thumb/v8-m.main+fp/hard/crtbegin.o
                0x08008ab8                        PROVIDE (__init_array_end = .)
                0x08008ab8                        . = ALIGN (0x4)

.fini_array     0x08008ab8        0x4
                0x08008ab8                        . = ALIGN (0x4)
                [!provide]                        PROVIDE (__fini_array_start = .)
 *(SORT_BY_NAME(.fini_array.*))
 *(.fini_array*)
 .fini_array    0x08008ab8        0x4 /Applications/STM32CubeIDE.app/Contents/Eclipse/plugins/com.st.stm32cube.ide.mcu.externaltools.gnu-tools-for-stm32.13.3.rel1.macos64_1.0.0.202411102158/tools/bin/../lib/gcc/arm-none-eabi/13.3.1/thumb/v8-m.main+fp/hard/crtbegin.o
                [!provide]                        PROVIDE (__fini_array_end = .)
                0x08008abc                        . = ALIGN (0x4)
                0x08008abc                        _sidata = LOADADDR (.data)

.rel.dyn        0x08008abc        0x0
 .rel.iplt      0x08008abc        0x0 /Applications/STM32CubeIDE.app/Contents/Eclipse/plugins/com.st.stm32cube.ide.mcu.externaltools.gnu-tools-for-stm32.13.3.rel1.macos64_1.0.0.202411102158/tools/bin/../lib/gcc/arm-none-eabi/13.3.1/thumb/v8-m.main+fp/hard/crtbegin.o

.data           0x20000000       0x10 load address 0x08008abc
                0x20000000                        . = ALIGN (0x4)
                0x20000000                        _sdata = .
 *(.data)
 *(.data*)
 .data.SystemCoreClock
                0x20000000        0x4 ./Core/Src/system_stm32h5xx.o
                0x20000000                SystemCoreClock
 .data.uwTickPrio
                0x20000004        0x4 ./Drivers/STM32H5xx_HAL_Driver/Src/stm32h5xx_hal.o
                0x20000004                uwTickPrio
 .data.uwTickFreq
                0x20000008        0x1 ./Drivers/STM32H5xx_HAL_Driver/Src/stm32h5xx_hal.o
                0x20000008                uwTickFreq
 *fill*         0x20000009        0x3 
 .data.ulCriticalNesting
                0x2000000c        0x4 ./Middlewares/Third_Party/FreeRTOS/Source/portable/GCC/ARM_CM33_NTZ/non_secure/port.o
 *(.RamFunc)
 *(.RamFunc*)
                0x20000010                        . = ALIGN (0x4)
                0x20000010                        _edata = .

.igot.plt       0x20000010        0x0 load address 0x08008acc
 .igot.plt      0x20000010        0x0 /Applications/STM32CubeIDE.app/Contents/Eclipse/plugins/com.st.stm32cube.ide.mcu.externaltools.gnu-tools-for-stm32.13.3.rel1.macos64_1.0.0.202411102158/tools/bin/../lib/gcc/arm-none-eabi/13.3.1/thumb/v8-m.main+fp/hard/crtbegin.o
                0x20000010                        . = ALIGN (0x4)

.bss            0x20000010     0x2cc0 load address 0x08008acc
                0x20000010                        _sbss = .
                0x20000010                        __bss_start__ = _sbss
 *(.bss)
 .bss           0x20000010       0x1c /Applications/STM32CubeIDE.app/Contents/Eclipse/plugins/com.st.stm32cube.ide.mcu.externaltools.gnu-tools-for-stm32.13.3.rel1.macos64_1.0.0.202411102158/tools/bin/../lib/gcc/arm-none-eabi/13.3.1/thumb/v8-m.main+fp/hard/crtbegin.o
 *(.bss*)
 .bss.FDCAN2_TxHeader
                0x2000002c       0x24 ./Core/Src/app_freertos.o
                0x2000002c                FDCAN2_TxHeader
 .bss.FDCAN2_txMessageData
                0x20000050       0x10 ./Core/Src/app_freertos.o
                0x20000050                FDCAN2_txMessageData
 .bss.nodeData  0x20000060       0x10 ./Core/Src/app_freertos.o
                0x20000060                nodeData
 .bss.canfdTXTaskHandle
                0x20000070        0x4 ./Core/Src/app_freertos.o
                0x20000070                canfdTXTaskHandle
 .bss.rpmEvalTaskHandle
                0x20000074        0x4 ./Core/Src/app_freertos.o
                0x20000074                rpmEvalTaskHandle
 .bss.nodeDataMutexHandle
                0x20000078        0x4 ./Core/Src/app_freertos.o
                0x20000078                nodeDataMutexHandle
 .bss.wheelSpeedFrequencyHandle
                0x2000007c        0x4 ./Core/Src/app_freertos.o
                0x2000007c                wheelSpeedFrequencyHandle
 .bss.rpmEventHandle
                0x20000080        0x4 ./Core/Src/app_freertos.o
                0x20000080                rpmEventHandle
 .bss.hfdcan2   0x20000084       0x64 ./Core/Src/fdcan.o
                0x20000084                hfdcan2
 .bss.htim6     0x200000e8       0x4c ./Core/Src/stm32h5xx_hal_timebase_tim.o
                0x200000e8                htim6
 .bss.IC_Val1   0x20000134        0x4 ./Core/Src/tim.o
                0x20000134                IC_Val1
 .bss.IC_Val2   0x20000138        0x4 ./Core/Src/tim.o
                0x20000138                IC_Val2
 .bss.Difference
                0x2000013c        0x4 ./Core/Src/tim.o
                0x2000013c                Difference
 .bss.Is_First_Captured
                0x20000140        0x4 ./Core/Src/tim.o
                0x20000140                Is_First_Captured
 .bss.frequency
                0x20000144        0x4 ./Core/Src/tim.o
                0x20000144                frequency
 .bss.htim3     0x20000148       0x4c ./Core/Src/tim.o
                0x20000148                htim3
 .bss.uwTick    0x20000194        0x4 ./Drivers/STM32H5xx_HAL_Driver/Src/stm32h5xx_hal.o
                0x20000194                uwTick
 .bss.KernelState
                0x20000198        0x4 ./Middlewares/Third_Party/FreeRTOS/Source/CMSIS_RTOS_V2/cmsis_os2.o
 .bss.Idle_TCB.3
                0x2000019c       0x5c ./Middlewares/Third_Party/FreeRTOS/Source/CMSIS_RTOS_V2/cmsis_os2.o
 .bss.Idle_Stack.2
                0x200001f8      0x200 ./Middlewares/Third_Party/FreeRTOS/Source/CMSIS_RTOS_V2/cmsis_os2.o
 .bss.Timer_TCB.1
                0x200003f8       0x5c ./Middlewares/Third_Party/FreeRTOS/Source/CMSIS_RTOS_V2/cmsis_os2.o
 .bss.Timer_Stack.0
                0x20000454      0x200 ./Middlewares/Third_Party/FreeRTOS/Source/CMSIS_RTOS_V2/cmsis_os2.o
 .bss.xQueueRegistry
                0x20000654       0x40 ./Middlewares/Third_Party/FreeRTOS/Source/queue.o
                0x20000654                xQueueRegistry
 .bss.pxCurrentTCB
                0x20000694        0x4 ./Middlewares/Third_Party/FreeRTOS/Source/tasks.o
                0x20000694                pxCurrentTCB
 .bss.pxReadyTasksLists
                0x20000698      0x460 ./Middlewares/Third_Party/FreeRTOS/Source/tasks.o
 .bss.xDelayedTaskList1
                0x20000af8       0x14 ./Middlewares/Third_Party/FreeRTOS/Source/tasks.o
 .bss.xDelayedTaskList2
                0x20000b0c       0x14 ./Middlewares/Third_Party/FreeRTOS/Source/tasks.o
 .bss.pxDelayedTaskList
                0x20000b20        0x4 ./Middlewares/Third_Party/FreeRTOS/Source/tasks.o
 .bss.pxOverflowDelayedTaskList
                0x20000b24        0x4 ./Middlewares/Third_Party/FreeRTOS/Source/tasks.o
 .bss.xPendingReadyList
                0x20000b28       0x14 ./Middlewares/Third_Party/FreeRTOS/Source/tasks.o
 .bss.xTasksWaitingTermination
                0x20000b3c       0x14 ./Middlewares/Third_Party/FreeRTOS/Source/tasks.o
 .bss.uxDeletedTasksWaitingCleanUp
                0x20000b50        0x4 ./Middlewares/Third_Party/FreeRTOS/Source/tasks.o
 .bss.xSuspendedTaskList
                0x20000b54       0x14 ./Middlewares/Third_Party/FreeRTOS/Source/tasks.o
 .bss.uxCurrentNumberOfTasks
                0x20000b68        0x4 ./Middlewares/Third_Party/FreeRTOS/Source/tasks.o
 .bss.xTickCount
                0x20000b6c        0x4 ./Middlewares/Third_Party/FreeRTOS/Source/tasks.o
 .bss.uxTopReadyPriority
                0x20000b70        0x4 ./Middlewares/Third_Party/FreeRTOS/Source/tasks.o
 .bss.xSchedulerRunning
                0x20000b74        0x4 ./Middlewares/Third_Party/FreeRTOS/Source/tasks.o
 .bss.xPendedTicks
                0x20000b78        0x4 ./Middlewares/Third_Party/FreeRTOS/Source/tasks.o
 .bss.xYieldPending
                0x20000b7c        0x4 ./Middlewares/Third_Party/FreeRTOS/Source/tasks.o
 .bss.xNumOfOverflows
                0x20000b80        0x4 ./Middlewares/Third_Party/FreeRTOS/Source/tasks.o
 .bss.uxTaskNumber
                0x20000b84        0x4 ./Middlewares/Third_Party/FreeRTOS/Source/tasks.o
 .bss.xNextTaskUnblockTime
                0x20000b88        0x4 ./Middlewares/Third_Party/FreeRTOS/Source/tasks.o
 .bss.xIdleTaskHandle
                0x20000b8c        0x4 ./Middlewares/Third_Party/FreeRTOS/Source/tasks.o
 .bss.uxSchedulerSuspended
                0x20000b90        0x4 ./Middlewares/Third_Party/FreeRTOS/Source/tasks.o
 .bss.xActiveTimerList1
                0x20000b94       0x14 ./Middlewares/Third_Party/FreeRTOS/Source/timers.o
 .bss.xActiveTimerList2
                0x20000ba8       0x14 ./Middlewares/Third_Party/FreeRTOS/Source/timers.o
 .bss.pxCurrentTimerList
                0x20000bbc        0x4 ./Middlewares/Third_Party/FreeRTOS/Source/timers.o
 .bss.pxOverflowTimerList
                0x20000bc0        0x4 ./Middlewares/Third_Party/FreeRTOS/Source/timers.o
 .bss.xTimerQueue
                0x20000bc4        0x4 ./Middlewares/Third_Party/FreeRTOS/Source/timers.o
 .bss.xTimerTaskHandle
                0x20000bc8        0x4 ./Middlewares/Third_Party/FreeRTOS/Source/timers.o
 .bss.xLastTime.2
                0x20000bcc        0x4 ./Middlewares/Third_Party/FreeRTOS/Source/timers.o
 .bss.ucStaticTimerQueueStorage.1
                0x20000bd0       0xa0 ./Middlewares/Third_Party/FreeRTOS/Source/timers.o
 .bss.xStaticTimerQueue.0
                0x20000c70       0x50 ./Middlewares/Third_Party/FreeRTOS/Source/timers.o
 .bss.ucMaxSysCallPriority
                0x20000cc0        0x1 ./Middlewares/Third_Party/FreeRTOS/Source/portable/GCC/ARM_CM33_NTZ/non_secure/port.o
 *fill*         0x20000cc1        0x3 
 .bss.ulMaxPRIGROUPValue
                0x20000cc4        0x4 ./Middlewares/Third_Party/FreeRTOS/Source/portable/GCC/ARM_CM33_NTZ/non_secure/port.o
 .bss.ucHeap    0x20000cc8     0x2000 ./Middlewares/Third_Party/FreeRTOS/Source/portable/MemMang/heap_1.o
 .bss.xNextFreeByte
                0x20002cc8        0x4 ./Middlewares/Third_Party/FreeRTOS/Source/portable/MemMang/heap_1.o
 .bss.pucAlignedHeap.0
                0x20002ccc        0x4 ./Middlewares/Third_Party/FreeRTOS/Source/portable/MemMang/heap_1.o
 *(COMMON)
                0x20002cd0                        . = ALIGN (0x4)
                0x20002cd0                        _ebss = .
                0x20002cd0                        __bss_end__ = _ebss

._user_heap_stack
                0x20002cd0      0x600 load address 0x08008acc
                0x20002cd0                        . = ALIGN (0x8)
                [!provide]                        PROVIDE (end = .)
                0x20002cd0                        PROVIDE (_end = .)
                0x20002ed0                        . = (. + _Min_Heap_Size)
 *fill*         0x20002cd0      0x200 
                0x200032d0                        . = (. + _Min_Stack_Size)
 *fill*         0x20002ed0      0x400 
                0x200032d0                        . = ALIGN (0x8)

/DISCARD/
 libc.a(*)
 libm.a(*)
 libgcc.a(*)

.ARM.attributes
                0x00000000       0x36
 *(.ARM.attributes)
 .ARM.attributes
                0x00000000       0x26 /Applications/STM32CubeIDE.app/Contents/Eclipse/plugins/com.st.stm32cube.ide.mcu.externaltools.gnu-tools-for-stm32.13.3.rel1.macos64_1.0.0.202411102158/tools/bin/../lib/gcc/arm-none-eabi/13.3.1/thumb/v8-m.main+fp/hard/crti.o
 .ARM.attributes
                0x00000026       0x38 /Applications/STM32CubeIDE.app/Contents/Eclipse/plugins/com.st.stm32cube.ide.mcu.externaltools.gnu-tools-for-stm32.13.3.rel1.macos64_1.0.0.202411102158/tools/bin/../lib/gcc/arm-none-eabi/13.3.1/thumb/v8-m.main+fp/hard/crtbegin.o
 .ARM.attributes
                0x0000005e       0x3a ./Core/Src/app_freertos.o
 .ARM.attributes
                0x00000098       0x3a ./Core/Src/fdcan.o
 .ARM.attributes
                0x000000d2       0x3a ./Core/Src/gpio.o
 .ARM.attributes
                0x0000010c       0x3a ./Core/Src/icache.o
 .ARM.attributes
                0x00000146       0x3a ./Core/Src/main.o
 .ARM.attributes
                0x00000180       0x3a ./Core/Src/stm32h5xx_hal_msp.o
 .ARM.attributes
                0x000001ba       0x3a ./Core/Src/stm32h5xx_hal_timebase_tim.o
 .ARM.attributes
                0x000001f4       0x3a ./Core/Src/stm32h5xx_it.o
 .ARM.attributes
                0x0000022e       0x3a ./Core/Src/system_stm32h5xx.o
 .ARM.attributes
                0x00000268       0x3a ./Core/Src/tim.o
 .ARM.attributes
                0x000002a2       0x24 ./Core/Startup/startup_stm32h533retx.o
 .ARM.attributes
                0x000002c6       0x3a ./Drivers/STM32H5xx_HAL_Driver/Src/stm32h5xx_hal.o
 .ARM.attributes
                0x00000300       0x3a ./Drivers/STM32H5xx_HAL_Driver/Src/stm32h5xx_hal_cortex.o
 .ARM.attributes
                0x0000033a       0x3a ./Drivers/STM32H5xx_HAL_Driver/Src/stm32h5xx_hal_fdcan.o
 .ARM.attributes
                0x00000374       0x3a ./Drivers/STM32H5xx_HAL_Driver/Src/stm32h5xx_hal_gpio.o
 .ARM.attributes
                0x000003ae       0x3a ./Drivers/STM32H5xx_HAL_Driver/Src/stm32h5xx_hal_icache.o
 .ARM.attributes
                0x000003e8       0x3a ./Drivers/STM32H5xx_HAL_Driver/Src/stm32h5xx_hal_rcc.o
 .ARM.attributes
                0x00000422       0x3a ./Drivers/STM32H5xx_HAL_Driver/Src/stm32h5xx_hal_rcc_ex.o
 .ARM.attributes
                0x0000045c       0x3a ./Drivers/STM32H5xx_HAL_Driver/Src/stm32h5xx_hal_tim.o
 .ARM.attributes
                0x00000496       0x3a ./Drivers/STM32H5xx_HAL_Driver/Src/stm32h5xx_hal_tim_ex.o
 .ARM.attributes
                0x000004d0       0x3a ./Middlewares/Third_Party/FreeRTOS/Source/CMSIS_RTOS_V2/cmsis_os2.o
 .ARM.attributes
                0x0000050a       0x3a ./Middlewares/Third_Party/FreeRTOS/Source/event_groups.o
 .ARM.attributes
                0x00000544       0x3a ./Middlewares/Third_Party/FreeRTOS/Source/list.o
 .ARM.attributes
                0x0000057e       0x3a ./Middlewares/Third_Party/FreeRTOS/Source/queue.o
 .ARM.attributes
                0x000005b8       0x3a ./Middlewares/Third_Party/FreeRTOS/Source/tasks.o
 .ARM.attributes
                0x000005f2       0x3a ./Middlewares/Third_Party/FreeRTOS/Source/timers.o
 .ARM.attributes
                0x0000062c       0x3a ./Middlewares/Third_Party/FreeRTOS/Source/portable/GCC/ARM_CM33_NTZ/non_secure/port.o
 .ARM.attributes
                0x00000666       0x3a ./Middlewares/Third_Party/FreeRTOS/Source/portable/GCC/ARM_CM33_NTZ/non_secure/portasm.o
 .ARM.attributes
                0x000006a0       0x3a ./Middlewares/Third_Party/FreeRTOS/Source/portable/MemMang/heap_1.o
 .ARM.attributes
                0x000006da       0x38 /Applications/STM32CubeIDE.app/Contents/Eclipse/plugins/com.st.stm32cube.ide.mcu.externaltools.gnu-tools-for-stm32.13.3.rel1.macos64_1.0.0.202411102158/tools/bin/../lib/gcc/arm-none-eabi/13.3.1/../../../../arm-none-eabi/lib/thumb/v8-m.main+fp/hard/libc_nano.a(libc_a-memset.o)
 .ARM.attributes
                0x00000712       0x38 /Applications/STM32CubeIDE.app/Contents/Eclipse/plugins/com.st.stm32cube.ide.mcu.externaltools.gnu-tools-for-stm32.13.3.rel1.macos64_1.0.0.202411102158/tools/bin/../lib/gcc/arm-none-eabi/13.3.1/../../../../arm-none-eabi/lib/thumb/v8-m.main+fp/hard/libc_nano.a(libc_a-init.o)
 .ARM.attributes
                0x0000074a       0x38 /Applications/STM32CubeIDE.app/Contents/Eclipse/plugins/com.st.stm32cube.ide.mcu.externaltools.gnu-tools-for-stm32.13.3.rel1.macos64_1.0.0.202411102158/tools/bin/../lib/gcc/arm-none-eabi/13.3.1/../../../../arm-none-eabi/lib/thumb/v8-m.main+fp/hard/libc_nano.a(libc_a-memcpy-stub.o)
 .ARM.attributes
                0x00000782       0x26 /Applications/STM32CubeIDE.app/Contents/Eclipse/plugins/com.st.stm32cube.ide.mcu.externaltools.gnu-tools-for-stm32.13.3.rel1.macos64_1.0.0.202411102158/tools/bin/../lib/gcc/arm-none-eabi/13.3.1/thumb/v8-m.main+fp/hard/crtn.o
OUTPUT(DAQ_NODE_h5.elf elf32-littlearm)
LOAD linker stubs
LOAD /Applications/STM32CubeIDE.app/Contents/Eclipse/plugins/com.st.stm32cube.ide.mcu.externaltools.gnu-tools-for-stm32.13.3.rel1.macos64_1.0.0.202411102158/tools/bin/../lib/gcc/arm-none-eabi/13.3.1/../../../../arm-none-eabi/lib/thumb/v8-m.main+fp/hard/libc.a
LOAD /Applications/STM32CubeIDE.app/Contents/Eclipse/plugins/com.st.stm32cube.ide.mcu.externaltools.gnu-tools-for-stm32.13.3.rel1.macos64_1.0.0.202411102158/tools/bin/../lib/gcc/arm-none-eabi/13.3.1/../../../../arm-none-eabi/lib/thumb/v8-m.main+fp/hard/libm.a
LOAD /Applications/STM32CubeIDE.app/Contents/Eclipse/plugins/com.st.stm32cube.ide.mcu.externaltools.gnu-tools-for-stm32.13.3.rel1.macos64_1.0.0.202411102158/tools/bin/../lib/gcc/arm-none-eabi/13.3.1/thumb/v8-m.main+fp/hard/libgcc.a

.debug_info     0x00000000    0x1cdef
 .debug_info    0x00000000      0xf23 ./Core/Src/app_freertos.o
 .debug_info    0x00000f23      0xfd5 ./Core/Src/fdcan.o
 .debug_info    0x00001ef8      0x5b4 ./Core/Src/gpio.o
 .debug_info    0x000024ac       0xe6 ./Core/Src/icache.o
 .debug_info    0x00002592     0x16eb ./Core/Src/main.o
 .debug_info    0x00003c7d      0x3b9 ./Core/Src/stm32h5xx_hal_msp.o
 .debug_info    0x00004036     0x112a ./Core/Src/stm32h5xx_hal_timebase_tim.o
 .debug_info    0x00005160      0x95c ./Core/Src/stm32h5xx_it.o
 .debug_info    0x00005abc      0xce0 ./Core/Src/system_stm32h5xx.o
 .debug_info    0x0000679c     0x14e8 ./Core/Src/tim.o
 .debug_info    0x00007c84       0x30 ./Core/Startup/startup_stm32h533retx.o
 .debug_info    0x00007cb4     0x1302 ./Drivers/STM32H5xx_HAL_Driver/Src/stm32h5xx_hal.o
 .debug_info    0x00008fb6     0x15e0 ./Drivers/STM32H5xx_HAL_Driver/Src/stm32h5xx_hal_cortex.o
 .debug_info    0x0000a596     0x1920 ./Drivers/STM32H5xx_HAL_Driver/Src/stm32h5xx_hal_fdcan.o
 .debug_info    0x0000beb6      0x6b6 ./Drivers/STM32H5xx_HAL_Driver/Src/stm32h5xx_hal_gpio.o
 .debug_info    0x0000c56c      0x4d6 ./Drivers/STM32H5xx_HAL_Driver/Src/stm32h5xx_hal_icache.o
 .debug_info    0x0000ca42     0x1009 ./Drivers/STM32H5xx_HAL_Driver/Src/stm32h5xx_hal_rcc.o
 .debug_info    0x0000da4b     0x1204 ./Drivers/STM32H5xx_HAL_Driver/Src/stm32h5xx_hal_rcc_ex.o
 .debug_info    0x0000ec4f     0x2e54 ./Drivers/STM32H5xx_HAL_Driver/Src/stm32h5xx_hal_tim.o
 .debug_info    0x00011aa3     0x1eaa ./Drivers/STM32H5xx_HAL_Driver/Src/stm32h5xx_hal_tim_ex.o
 .debug_info    0x0001394d     0x36a6 ./Middlewares/Third_Party/FreeRTOS/Source/CMSIS_RTOS_V2/cmsis_os2.o
 .debug_info    0x00016ff3      0xa42 ./Middlewares/Third_Party/FreeRTOS/Source/event_groups.o
 .debug_info    0x00017a35      0x2af ./Middlewares/Third_Party/FreeRTOS/Source/list.o
 .debug_info    0x00017ce4     0x16ac ./Middlewares/Third_Party/FreeRTOS/Source/queue.o
 .debug_info    0x00019390     0x2093 ./Middlewares/Third_Party/FreeRTOS/Source/tasks.o
 .debug_info    0x0001b423     0x1318 ./Middlewares/Third_Party/FreeRTOS/Source/timers.o
 .debug_info    0x0001c73b      0x3ad ./Middlewares/Third_Party/FreeRTOS/Source/portable/GCC/ARM_CM33_NTZ/non_secure/port.o
 .debug_info    0x0001cae8      0x151 ./Middlewares/Third_Party/FreeRTOS/Source/portable/GCC/ARM_CM33_NTZ/non_secure/portasm.o
 .debug_info    0x0001cc39      0x1b6 ./Middlewares/Third_Party/FreeRTOS/Source/portable/MemMang/heap_1.o

.debug_abbrev   0x00000000     0x3cb3
 .debug_abbrev  0x00000000      0x1fc ./Core/Src/app_freertos.o
 .debug_abbrev  0x000001fc      0x223 ./Core/Src/fdcan.o
 .debug_abbrev  0x0000041f      0x179 ./Core/Src/gpio.o
 .debug_abbrev  0x00000598       0x98 ./Core/Src/icache.o
 .debug_abbrev  0x00000630      0x287 ./Core/Src/main.o
 .debug_abbrev  0x000008b7       0x95 ./Core/Src/stm32h5xx_hal_msp.o
 .debug_abbrev  0x0000094c      0x229 ./Core/Src/stm32h5xx_hal_timebase_tim.o
 .debug_abbrev  0x00000b75      0x1b3 ./Core/Src/stm32h5xx_it.o
 .debug_abbrev  0x00000d28      0x13a ./Core/Src/system_stm32h5xx.o
 .debug_abbrev  0x00000e62      0x266 ./Core/Src/tim.o
 .debug_abbrev  0x000010c8       0x24 ./Core/Startup/startup_stm32h533retx.o
 .debug_abbrev  0x000010ec      0x2af ./Drivers/STM32H5xx_HAL_Driver/Src/stm32h5xx_hal.o
 .debug_abbrev  0x0000139b      0x311 ./Drivers/STM32H5xx_HAL_Driver/Src/stm32h5xx_hal_cortex.o
 .debug_abbrev  0x000016ac      0x20b ./Drivers/STM32H5xx_HAL_Driver/Src/stm32h5xx_hal_fdcan.o
 .debug_abbrev  0x000018b7      0x1db ./Drivers/STM32H5xx_HAL_Driver/Src/stm32h5xx_hal_gpio.o
 .debug_abbrev  0x00001a92      0x228 ./Drivers/STM32H5xx_HAL_Driver/Src/stm32h5xx_hal_icache.o
 .debug_abbrev  0x00001cba      0x290 ./Drivers/STM32H5xx_HAL_Driver/Src/stm32h5xx_hal_rcc.o
 .debug_abbrev  0x00001f4a      0x25c ./Drivers/STM32H5xx_HAL_Driver/Src/stm32h5xx_hal_rcc_ex.o
 .debug_abbrev  0x000021a6      0x2bd ./Drivers/STM32H5xx_HAL_Driver/Src/stm32h5xx_hal_tim.o
 .debug_abbrev  0x00002463      0x2c7 ./Drivers/STM32H5xx_HAL_Driver/Src/stm32h5xx_hal_tim_ex.o
 .debug_abbrev  0x0000272a      0x4d1 ./Middlewares/Third_Party/FreeRTOS/Source/CMSIS_RTOS_V2/cmsis_os2.o
 .debug_abbrev  0x00002bfb      0x297 ./Middlewares/Third_Party/FreeRTOS/Source/event_groups.o
 .debug_abbrev  0x00002e92       0xf5 ./Middlewares/Third_Party/FreeRTOS/Source/list.o
 .debug_abbrev  0x00002f87      0x324 ./Middlewares/Third_Party/FreeRTOS/Source/queue.o
 .debug_abbrev  0x000032ab      0x33c ./Middlewares/Third_Party/FreeRTOS/Source/tasks.o
 .debug_abbrev  0x000035e7      0x326 ./Middlewares/Third_Party/FreeRTOS/Source/timers.o
 .debug_abbrev  0x0000390d      0x1b6 ./Middlewares/Third_Party/FreeRTOS/Source/portable/GCC/ARM_CM33_NTZ/non_secure/port.o
 .debug_abbrev  0x00003ac3       0xb8 ./Middlewares/Third_Party/FreeRTOS/Source/portable/GCC/ARM_CM33_NTZ/non_secure/portasm.o
 .debug_abbrev  0x00003b7b      0x138 ./Middlewares/Third_Party/FreeRTOS/Source/portable/MemMang/heap_1.o

.debug_aranges  0x00000000     0x1970
 .debug_aranges
                0x00000000       0x30 ./Core/Src/app_freertos.o
 .debug_aranges
                0x00000030       0x40 ./Core/Src/fdcan.o
 .debug_aranges
                0x00000070       0x20 ./Core/Src/gpio.o
 .debug_aranges
                0x00000090       0x20 ./Core/Src/icache.o
 .debug_aranges
                0x000000b0       0x38 ./Core/Src/main.o
 .debug_aranges
                0x000000e8       0x20 ./Core/Src/stm32h5xx_hal_msp.o
 .debug_aranges
                0x00000108       0x30 ./Core/Src/stm32h5xx_hal_timebase_tim.o
 .debug_aranges
                0x00000138       0x58 ./Core/Src/stm32h5xx_it.o
 .debug_aranges
                0x00000190       0x28 ./Core/Src/system_stm32h5xx.o
 .debug_aranges
                0x000001b8       0x38 ./Core/Src/tim.o
 .debug_aranges
                0x000001f0       0x28 ./Core/Startup/startup_stm32h533retx.o
 .debug_aranges
                0x00000218      0x1f8 ./Drivers/STM32H5xx_HAL_Driver/Src/stm32h5xx_hal.o
 .debug_aranges
                0x00000410      0x140 ./Drivers/STM32H5xx_HAL_Driver/Src/stm32h5xx_hal_cortex.o
 .debug_aranges
                0x00000550      0x208 ./Drivers/STM32H5xx_HAL_Driver/Src/stm32h5xx_hal_fdcan.o
 .debug_aranges
                0x00000758       0x78 ./Drivers/STM32H5xx_HAL_Driver/Src/stm32h5xx_hal_gpio.o
 .debug_aranges
                0x000007d0       0xa8 ./Drivers/STM32H5xx_HAL_Driver/Src/stm32h5xx_hal_icache.o
 .debug_aranges
                0x00000878       0xa0 ./Drivers/STM32H5xx_HAL_Driver/Src/stm32h5xx_hal_rcc.o
 .debug_aranges
                0x00000918      0x108 ./Drivers/STM32H5xx_HAL_Driver/Src/stm32h5xx_hal_rcc_ex.o
 .debug_aranges
                0x00000a20      0x3e8 ./Drivers/STM32H5xx_HAL_Driver/Src/stm32h5xx_hal_tim.o
 .debug_aranges
                0x00000e08      0x240 ./Drivers/STM32H5xx_HAL_Driver/Src/stm32h5xx_hal_tim_ex.o
 .debug_aranges
                0x00001048      0x2b8 ./Middlewares/Third_Party/FreeRTOS/Source/CMSIS_RTOS_V2/cmsis_os2.o
 .debug_aranges
                0x00001300       0x98 ./Middlewares/Third_Party/FreeRTOS/Source/event_groups.o
 .debug_aranges
                0x00001398       0x40 ./Middlewares/Third_Party/FreeRTOS/Source/list.o
 .debug_aranges
                0x000013d8      0x170 ./Middlewares/Third_Party/FreeRTOS/Source/queue.o
 .debug_aranges
                0x00001548      0x210 ./Middlewares/Third_Party/FreeRTOS/Source/tasks.o
 .debug_aranges
                0x00001758      0x108 ./Middlewares/Third_Party/FreeRTOS/Source/timers.o
 .debug_aranges
                0x00001860       0x78 ./Middlewares/Third_Party/FreeRTOS/Source/portable/GCC/ARM_CM33_NTZ/non_secure/port.o
 .debug_aranges
                0x000018d8       0x60 ./Middlewares/Third_Party/FreeRTOS/Source/portable/GCC/ARM_CM33_NTZ/non_secure/portasm.o
 .debug_aranges
                0x00001938       0x38 ./Middlewares/Third_Party/FreeRTOS/Source/portable/MemMang/heap_1.o

.debug_rnglists
                0x00000000     0x1368
 .debug_rnglists
                0x00000000       0x20 ./Core/Src/app_freertos.o
 .debug_rnglists
                0x00000020       0x2d ./Core/Src/fdcan.o
 .debug_rnglists
                0x0000004d       0x14 ./Core/Src/gpio.o
 .debug_rnglists
                0x00000061       0x13 ./Core/Src/icache.o
 .debug_rnglists
                0x00000074       0x27 ./Core/Src/main.o
 .debug_rnglists
                0x0000009b       0x13 ./Core/Src/stm32h5xx_hal_msp.o
 .debug_rnglists
                0x000000ae       0x20 ./Core/Src/stm32h5xx_hal_timebase_tim.o
 .debug_rnglists
                0x000000ce       0x3d ./Core/Src/stm32h5xx_it.o
 .debug_rnglists
                0x0000010b       0x1b ./Core/Src/system_stm32h5xx.o
 .debug_rnglists
                0x00000126       0x28 ./Core/Src/tim.o
 .debug_rnglists
                0x0000014e       0x19 ./Core/Startup/startup_stm32h533retx.o
 .debug_rnglists
                0x00000167      0x177 ./Drivers/STM32H5xx_HAL_Driver/Src/stm32h5xx_hal.o
 .debug_rnglists
                0x000002de       0xec ./Drivers/STM32H5xx_HAL_Driver/Src/stm32h5xx_hal_cortex.o
 .debug_rnglists
                0x000003ca      0x18d ./Drivers/STM32H5xx_HAL_Driver/Src/stm32h5xx_hal_fdcan.o
 .debug_rnglists
                0x00000557       0x57 ./Drivers/STM32H5xx_HAL_Driver/Src/stm32h5xx_hal_gpio.o
 .debug_rnglists
                0x000005ae       0x7a ./Drivers/STM32H5xx_HAL_Driver/Src/stm32h5xx_hal_icache.o
 .debug_rnglists
                0x00000628       0x79 ./Drivers/STM32H5xx_HAL_Driver/Src/stm32h5xx_hal_rcc.o
 .debug_rnglists
                0x000006a1       0xcf ./Drivers/STM32H5xx_HAL_Driver/Src/stm32h5xx_hal_rcc_ex.o
 .debug_rnglists
                0x00000770      0x32e ./Drivers/STM32H5xx_HAL_Driver/Src/stm32h5xx_hal_tim.o
 .debug_rnglists
                0x00000a9e      0x1cb ./Drivers/STM32H5xx_HAL_Driver/Src/stm32h5xx_hal_tim_ex.o
 .debug_rnglists
                0x00000c69      0x218 ./Middlewares/Third_Party/FreeRTOS/Source/CMSIS_RTOS_V2/cmsis_os2.o
 .debug_rnglists
                0x00000e81       0x70 ./Middlewares/Third_Party/FreeRTOS/Source/event_groups.o
 .debug_rnglists
                0x00000ef1       0x2b ./Middlewares/Third_Party/FreeRTOS/Source/list.o
 .debug_rnglists
                0x00000f1c      0x11d ./Middlewares/Third_Party/FreeRTOS/Source/queue.o
 .debug_rnglists
                0x00001039      0x1a8 ./Middlewares/Third_Party/FreeRTOS/Source/tasks.o
 .debug_rnglists
                0x000011e1       0xc7 ./Middlewares/Third_Party/FreeRTOS/Source/timers.o
 .debug_rnglists
                0x000012a8       0x57 ./Middlewares/Third_Party/FreeRTOS/Source/portable/GCC/ARM_CM33_NTZ/non_secure/port.o
 .debug_rnglists
                0x000012ff       0x43 ./Middlewares/Third_Party/FreeRTOS/Source/portable/GCC/ARM_CM33_NTZ/non_secure/portasm.o
 .debug_rnglists
                0x00001342       0x26 ./Middlewares/Third_Party/FreeRTOS/Source/portable/MemMang/heap_1.o

.debug_macro    0x00000000    0x2eebb
 .debug_macro   0x00000000      0x35e ./Core/Src/app_freertos.o
 .debug_macro   0x0000035e      0xade ./Core/Src/app_freertos.o
 .debug_macro   0x00000e3c      0x190 ./Core/Src/app_freertos.o
 .debug_macro   0x00000fcc       0x22 ./Core/Src/app_freertos.o
 .debug_macro   0x00000fee       0x8e ./Core/Src/app_freertos.o
 .debug_macro   0x0000107c       0x51 ./Core/Src/app_freertos.o
 .debug_macro   0x000010cd      0x103 ./Core/Src/app_freertos.o
 .debug_macro   0x000011d0       0x6a ./Core/Src/app_freertos.o
 .debug_macro   0x0000123a      0x1df ./Core/Src/app_freertos.o
 .debug_macro   0x00001419       0x16 ./Core/Src/app_freertos.o
 .debug_macro   0x0000142f      0x18c ./Core/Src/app_freertos.o
 .debug_macro   0x000015bb       0x16 ./Core/Src/app_freertos.o
 .debug_macro   0x000015d1      0x179 ./Core/Src/app_freertos.o
 .debug_macro   0x0000174a       0x1c ./Core/Src/app_freertos.o
 .debug_macro   0x00001766      0x1ba ./Core/Src/app_freertos.o
 .debug_macro   0x00001920       0x10 ./Core/Src/app_freertos.o
 .debug_macro   0x00001930       0x10 ./Core/Src/app_freertos.o
 .debug_macro   0x00001940       0x1f ./Core/Src/app_freertos.o
 .debug_macro   0x0000195f       0x12 ./Core/Src/app_freertos.o
 .debug_macro   0x00001971      0x4c3 ./Core/Src/app_freertos.o
 .debug_macro   0x00001e34       0xc3 ./Core/Src/app_freertos.o
 .debug_macro   0x00001ef7      0x12c ./Core/Src/app_freertos.o
 .debug_macro   0x00002023      0x1bb ./Core/Src/app_freertos.o
 .debug_macro   0x000021de       0x61 ./Core/Src/app_freertos.o
 .debug_macro   0x0000223f       0x2a ./Core/Src/app_freertos.o
 .debug_macro   0x00002269       0x43 ./Core/Src/app_freertos.o
 .debug_macro   0x000022ac       0x34 ./Core/Src/app_freertos.o
 .debug_macro   0x000022e0      0x370 ./Core/Src/app_freertos.o
 .debug_macro   0x00002650       0x16 ./Core/Src/app_freertos.o
 .debug_macro   0x00002666       0x4a ./Core/Src/app_freertos.o
 .debug_macro   0x000026b0       0x34 ./Core/Src/app_freertos.o
 .debug_macro   0x000026e4       0x10 ./Core/Src/app_freertos.o
 .debug_macro   0x000026f4       0x58 ./Core/Src/app_freertos.o
 .debug_macro   0x0000274c       0x8e ./Core/Src/app_freertos.o
 .debug_macro   0x000027da       0x1c ./Core/Src/app_freertos.o
 .debug_macro   0x000027f6      0x185 ./Core/Src/app_freertos.o
 .debug_macro   0x0000297b      0x19b ./Core/Src/app_freertos.o
 .debug_macro   0x00002b16       0x28 ./Core/Src/app_freertos.o
 .debug_macro   0x00002b3e       0x42 ./Core/Src/app_freertos.o
 .debug_macro   0x00002b80       0x1c ./Core/Src/app_freertos.o
 .debug_macro   0x00002b9c       0x29 ./Core/Src/app_freertos.o
 .debug_macro   0x00002bc5       0xfb ./Core/Src/app_freertos.o
 .debug_macro   0x00002cc0     0x1685 ./Core/Src/app_freertos.o
 .debug_macro   0x00004345       0x5e ./Core/Src/app_freertos.o
 .debug_macro   0x000043a3    0x1c054 ./Core/Src/app_freertos.o
 .debug_macro   0x000203f7       0x6d ./Core/Src/app_freertos.o
 .debug_macro   0x00020464     0x388a ./Core/Src/app_freertos.o
 .debug_macro   0x00023cee       0x63 ./Core/Src/app_freertos.o
 .debug_macro   0x00023d51     0x1a59 ./Core/Src/app_freertos.o
 .debug_macro   0x000257aa      0xa9f ./Core/Src/app_freertos.o
 .debug_macro   0x00026249      0x166 ./Core/Src/app_freertos.o
 .debug_macro   0x000263af      0x262 ./Core/Src/app_freertos.o
 .debug_macro   0x00026611       0xca ./Core/Src/app_freertos.o
 .debug_macro   0x000266db      0x765 ./Core/Src/app_freertos.o
 .debug_macro   0x00026e40      0x424 ./Core/Src/app_freertos.o
 .debug_macro   0x00027264       0xd6 ./Core/Src/app_freertos.o
 .debug_macro   0x0002733a      0x1cd ./Core/Src/app_freertos.o
 .debug_macro   0x00027507      0x2bb ./Core/Src/app_freertos.o
 .debug_macro   0x000277c2      0x57b ./Core/Src/app_freertos.o
 .debug_macro   0x00027d3d       0x7b ./Core/Src/app_freertos.o
 .debug_macro   0x00027db8      0x313 ./Core/Src/app_freertos.o
 .debug_macro   0x000280cb      0x1bb ./Core/Src/app_freertos.o
 .debug_macro   0x00028286      0xbe8 ./Core/Src/app_freertos.o
 .debug_macro   0x00028e6e      0x37d ./Core/Src/app_freertos.o
 .debug_macro   0x000291eb      0x253 ./Core/Src/app_freertos.o
 .debug_macro   0x0002943e      0x6bd ./Core/Src/app_freertos.o
 .debug_macro   0x00029afb      0x469 ./Core/Src/app_freertos.o
 .debug_macro   0x00029f64       0x10 ./Core/Src/app_freertos.o
 .debug_macro   0x00029f74       0x74 ./Core/Src/app_freertos.o
 .debug_macro   0x00029fe8       0x16 ./Core/Src/app_freertos.o
 .debug_macro   0x00029ffe       0x3c ./Core/Src/app_freertos.o
 .debug_macro   0x0002a03a       0x20 ./Core/Src/app_freertos.o
 .debug_macro   0x0002a05a      0x286 ./Core/Src/fdcan.o
 .debug_macro   0x0002a2e0       0x5b ./Core/Src/fdcan.o
 .debug_macro   0x0002a33b       0x94 ./Core/Src/fdcan.o
 .debug_macro   0x0002a3cf       0x57 ./Core/Src/fdcan.o
 .debug_macro   0x0002a426      0x286 ./Core/Src/gpio.o
 .debug_macro   0x0002a6ac      0x286 ./Core/Src/icache.o
 .debug_macro   0x0002a932      0x35d ./Core/Src/main.o
 .debug_macro   0x0002ac8f      0x18c ./Core/Src/main.o
 .debug_macro   0x0002ae1b       0x10 ./Core/Src/main.o
 .debug_macro   0x0002ae2b      0x27c ./Core/Src/stm32h5xx_hal_msp.o
 .debug_macro   0x0002b0a7      0x26d ./Core/Src/stm32h5xx_hal_timebase_tim.o
 .debug_macro   0x0002b314      0x286 ./Core/Src/stm32h5xx_it.o
 .debug_macro   0x0002b59a      0x274 ./Core/Src/system_stm32h5xx.o
 .debug_macro   0x0002b80e      0x337 ./Core/Src/tim.o
 .debug_macro   0x0002bb45      0x2a3 ./Drivers/STM32H5xx_HAL_Driver/Src/stm32h5xx_hal.o
 .debug_macro   0x0002bde8      0x26d ./Drivers/STM32H5xx_HAL_Driver/Src/stm32h5xx_hal_cortex.o
 .debug_macro   0x0002c055      0x37f ./Drivers/STM32H5xx_HAL_Driver/Src/stm32h5xx_hal_fdcan.o
 .debug_macro   0x0002c3d4      0x2a3 ./Drivers/STM32H5xx_HAL_Driver/Src/stm32h5xx_hal_gpio.o
 .debug_macro   0x0002c677      0x29f ./Drivers/STM32H5xx_HAL_Driver/Src/stm32h5xx_hal_icache.o
 .debug_macro   0x0002c916      0x2af ./Drivers/STM32H5xx_HAL_Driver/Src/stm32h5xx_hal_rcc.o
 .debug_macro   0x0002cbc5      0x27f ./Drivers/STM32H5xx_HAL_Driver/Src/stm32h5xx_hal_rcc_ex.o
 .debug_macro   0x0002ce44      0x275 ./Drivers/STM32H5xx_HAL_Driver/Src/stm32h5xx_hal_tim.o
 .debug_macro   0x0002d0b9      0x273 ./Drivers/STM32H5xx_HAL_Driver/Src/stm32h5xx_hal_tim_ex.o
 .debug_macro   0x0002d32c      0x3df ./Middlewares/Third_Party/FreeRTOS/Source/CMSIS_RTOS_V2/cmsis_os2.o
 .debug_macro   0x0002d70b       0x10 ./Middlewares/Third_Party/FreeRTOS/Source/CMSIS_RTOS_V2/cmsis_os2.o
 .debug_macro   0x0002d71b       0x91 ./Middlewares/Third_Party/FreeRTOS/Source/CMSIS_RTOS_V2/cmsis_os2.o
 .debug_macro   0x0002d7ac       0x23 ./Middlewares/Third_Party/FreeRTOS/Source/CMSIS_RTOS_V2/cmsis_os2.o
 .debug_macro   0x0002d7cf       0x94 ./Middlewares/Third_Party/FreeRTOS/Source/CMSIS_RTOS_V2/cmsis_os2.o
 .debug_macro   0x0002d863       0xa8 ./Middlewares/Third_Party/FreeRTOS/Source/CMSIS_RTOS_V2/cmsis_os2.o
 .debug_macro   0x0002d90b       0x22 ./Middlewares/Third_Party/FreeRTOS/Source/CMSIS_RTOS_V2/cmsis_os2.o
 .debug_macro   0x0002d92d      0x1e5 ./Middlewares/Third_Party/FreeRTOS/Source/event_groups.o
 .debug_macro   0x0002db12      0x11c ./Middlewares/Third_Party/FreeRTOS/Source/event_groups.o
 .debug_macro   0x0002dc2e       0x9b ./Middlewares/Third_Party/FreeRTOS/Source/event_groups.o
 .debug_macro   0x0002dcc9      0x1b0 ./Middlewares/Third_Party/FreeRTOS/Source/list.o
 .debug_macro   0x0002de79      0x247 ./Middlewares/Third_Party/FreeRTOS/Source/queue.o
 .debug_macro   0x0002e0c0       0x8e ./Middlewares/Third_Party/FreeRTOS/Source/queue.o
 .debug_macro   0x0002e14e      0x29c ./Middlewares/Third_Party/FreeRTOS/Source/tasks.o
 .debug_macro   0x0002e3ea       0x17 ./Middlewares/Third_Party/FreeRTOS/Source/tasks.o
 .debug_macro   0x0002e401      0x1ff ./Middlewares/Third_Party/FreeRTOS/Source/timers.o
 .debug_macro   0x0002e600       0x97 ./Middlewares/Third_Party/FreeRTOS/Source/timers.o
 .debug_macro   0x0002e697      0x3ad ./Middlewares/Third_Party/FreeRTOS/Source/portable/GCC/ARM_CM33_NTZ/non_secure/port.o
 .debug_macro   0x0002ea44      0x1ba ./Middlewares/Third_Party/FreeRTOS/Source/portable/GCC/ARM_CM33_NTZ/non_secure/port.o
 .debug_macro   0x0002ebfe       0xf8 ./Middlewares/Third_Party/FreeRTOS/Source/portable/GCC/ARM_CM33_NTZ/non_secure/portasm.o
 .debug_macro   0x0002ecf6      0x1c5 ./Middlewares/Third_Party/FreeRTOS/Source/portable/MemMang/heap_1.o

.debug_line     0x00000000    0x1cf20
 .debug_line    0x00000000      0xa7f ./Core/Src/app_freertos.o
 .debug_line    0x00000a7f      0x8f8 ./Core/Src/fdcan.o
 .debug_line    0x00001377      0x821 ./Core/Src/gpio.o
 .debug_line    0x00001b98      0x81f ./Core/Src/icache.o
 .debug_line    0x000023b7      0xaa0 ./Core/Src/main.o
 .debug_line    0x00002e57      0x812 ./Core/Src/stm32h5xx_hal_msp.o
 .debug_line    0x00003669      0x88a ./Core/Src/stm32h5xx_hal_timebase_tim.o
 .debug_line    0x00003ef3      0x8b4 ./Core/Src/stm32h5xx_it.o
 .debug_line    0x000047a7      0x997 ./Core/Src/system_stm32h5xx.o
 .debug_line    0x0000513e      0xab5 ./Core/Src/tim.o
 .debug_line    0x00005bf3       0x7b ./Core/Startup/startup_stm32h533retx.o
 .debug_line    0x00005c6e      0xf1f ./Drivers/STM32H5xx_HAL_Driver/Src/stm32h5xx_hal.o
 .debug_line    0x00006b8d      0xe66 ./Drivers/STM32H5xx_HAL_Driver/Src/stm32h5xx_hal_cortex.o
 .debug_line    0x000079f3     0x1994 ./Drivers/STM32H5xx_HAL_Driver/Src/stm32h5xx_hal_fdcan.o
 .debug_line    0x00009387      0xc20 ./Drivers/STM32H5xx_HAL_Driver/Src/stm32h5xx_hal_gpio.o
 .debug_line    0x00009fa7      0xb09 ./Drivers/STM32H5xx_HAL_Driver/Src/stm32h5xx_hal_icache.o
 .debug_line    0x0000aab0     0x13af ./Drivers/STM32H5xx_HAL_Driver/Src/stm32h5xx_hal_rcc.o
 .debug_line    0x0000be5f     0x23ba ./Drivers/STM32H5xx_HAL_Driver/Src/stm32h5xx_hal_rcc_ex.o
 .debug_line    0x0000e219     0x4405 ./Drivers/STM32H5xx_HAL_Driver/Src/stm32h5xx_hal_tim.o
 .debug_line    0x0001261e     0x21ac ./Drivers/STM32H5xx_HAL_Driver/Src/stm32h5xx_hal_tim_ex.o
 .debug_line    0x000147ca     0x22ce ./Middlewares/Third_Party/FreeRTOS/Source/CMSIS_RTOS_V2/cmsis_os2.o
 .debug_line    0x00016a98      0xaca ./Middlewares/Third_Party/FreeRTOS/Source/event_groups.o
 .debug_line    0x00017562      0x74f ./Middlewares/Third_Party/FreeRTOS/Source/list.o
 .debug_line    0x00017cb1     0x1592 ./Middlewares/Third_Party/FreeRTOS/Source/queue.o
 .debug_line    0x00019243     0x1b7b ./Middlewares/Third_Party/FreeRTOS/Source/tasks.o
 .debug_line    0x0001adbe      0xcf1 ./Middlewares/Third_Party/FreeRTOS/Source/timers.o
 .debug_line    0x0001baaf      0x7b0 ./Middlewares/Third_Party/FreeRTOS/Source/portable/GCC/ARM_CM33_NTZ/non_secure/port.o
 .debug_line    0x0001c25f      0x5be ./Middlewares/Third_Party/FreeRTOS/Source/portable/GCC/ARM_CM33_NTZ/non_secure/portasm.o
 .debug_line    0x0001c81d      0x703 ./Middlewares/Third_Party/FreeRTOS/Source/portable/MemMang/heap_1.o

.debug_str      0x00000000   0x126e86
 .debug_str     0x00000000   0x126e86 ./Core/Src/app_freertos.o
                             0x1191ac (size before relaxing)
 .debug_str     0x00126e86   0x1137b2 ./Core/Src/fdcan.o
 .debug_str     0x00126e86   0x112f90 ./Core/Src/gpio.o
 .debug_str     0x00126e86   0x112cd6 ./Core/Src/icache.o
 .debug_str     0x00126e86   0x1194b7 ./Core/Src/main.o
 .debug_str     0x00126e86   0x1132db ./Core/Src/stm32h5xx_hal_msp.o
 .debug_str     0x00126e86   0x113d31 ./Core/Src/stm32h5xx_hal_timebase_tim.o
 .debug_str     0x00126e86   0x113407 ./Core/Src/stm32h5xx_it.o
 .debug_str     0x00126e86   0x113266 ./Core/Src/system_stm32h5xx.o
 .debug_str     0x00126e86   0x119774 ./Core/Src/tim.o
 .debug_str     0x00126e86       0x8d ./Core/Startup/startup_stm32h533retx.o
 .debug_str     0x00126e86   0x114014 ./Drivers/STM32H5xx_HAL_Driver/Src/stm32h5xx_hal.o
 .debug_str     0x00126e86   0x113bcf ./Drivers/STM32H5xx_HAL_Driver/Src/stm32h5xx_hal_cortex.o
 .debug_str     0x00126e86   0x114438 ./Drivers/STM32H5xx_HAL_Driver/Src/stm32h5xx_hal_fdcan.o
 .debug_str     0x00126e86   0x11303d ./Drivers/STM32H5xx_HAL_Driver/Src/stm32h5xx_hal_gpio.o
 .debug_str     0x00126e86   0x113366 ./Drivers/STM32H5xx_HAL_Driver/Src/stm32h5xx_hal_icache.o
 .debug_str     0x00126e86   0x1137ab ./Drivers/STM32H5xx_HAL_Driver/Src/stm32h5xx_hal_rcc.o
 .debug_str     0x00126e86   0x113a35 ./Drivers/STM32H5xx_HAL_Driver/Src/stm32h5xx_hal_rcc_ex.o
 .debug_str     0x00126e86   0x114487 ./Drivers/STM32H5xx_HAL_Driver/Src/stm32h5xx_hal_tim.o
 .debug_str     0x00126e86   0x1140b1 ./Drivers/STM32H5xx_HAL_Driver/Src/stm32h5xx_hal_tim_ex.o
 .debug_str     0x00126e86   0x11c4e0 ./Middlewares/Third_Party/FreeRTOS/Source/CMSIS_RTOS_V2/cmsis_os2.o
 .debug_str     0x00126e86     0xd8a7 ./Middlewares/Third_Party/FreeRTOS/Source/event_groups.o
 .debug_str     0x00126e86     0xb824 ./Middlewares/Third_Party/FreeRTOS/Source/list.o
 .debug_str     0x00126e86     0xe2b9 ./Middlewares/Third_Party/FreeRTOS/Source/queue.o
 .debug_str     0x00126e86     0xead5 ./Middlewares/Third_Party/FreeRTOS/Source/tasks.o
 .debug_str     0x00126e86     0xe583 ./Middlewares/Third_Party/FreeRTOS/Source/timers.o
 .debug_str     0x00126e86     0xb6d9 ./Middlewares/Third_Party/FreeRTOS/Source/portable/GCC/ARM_CM33_NTZ/non_secure/port.o
 .debug_str     0x00126e86     0x8473 ./Middlewares/Third_Party/FreeRTOS/Source/portable/GCC/ARM_CM33_NTZ/non_secure/portasm.o
 .debug_str     0x00126e86     0xcac0 ./Middlewares/Third_Party/FreeRTOS/Source/portable/MemMang/heap_1.o

.comment        0x00000000       0x43
 .comment       0x00000000       0x43 ./Core/Src/app_freertos.o
                                 0x44 (size before relaxing)
 .comment       0x00000043       0x44 ./Core/Src/fdcan.o